Archive member included to satisfy reference by file (symbol)

c:/st/stm32cubeide_1.7.0/stm32cubeide/plugins/com.st.stm32cube.ide.mcu.externaltools.gnu-tools-for-stm32.9-2020-q2-update.win32_2.0.0.202105311346/tools/bin/../lib/gcc/arm-none-eabi/9.3.1/../../../../arm-none-eabi/lib/thumb/v7e-m+fp/hard\libc_nano.a(lib_a-errno.o)
                              ./Core/Src/syscalls.o (__errno)
c:/st/stm32cubeide_1.7.0/stm32cubeide/plugins/com.st.stm32cube.ide.mcu.externaltools.gnu-tools-for-stm32.9-2020-q2-update.win32_2.0.0.202105311346/tools/bin/../lib/gcc/arm-none-eabi/9.3.1/../../../../arm-none-eabi/lib/thumb/v7e-m+fp/hard\libc_nano.a(lib_a-exit.o)
                              c:/st/stm32cubeide_1.7.0/stm32cubeide/plugins/com.st.stm32cube.ide.mcu.externaltools.gnu-tools-for-stm32.9-2020-q2-update.win32_2.0.0.202105311346/tools/bin/../lib/gcc/arm-none-eabi/9.3.1/../../../../arm-none-eabi/lib/thumb/v7e-m+fp/hard/crt0.o (exit)
c:/st/stm32cubeide_1.7.0/stm32cubeide/plugins/com.st.stm32cube.ide.mcu.externaltools.gnu-tools-for-stm32.9-2020-q2-update.win32_2.0.0.202105311346/tools/bin/../lib/gcc/arm-none-eabi/9.3.1/../../../../arm-none-eabi/lib/thumb/v7e-m+fp/hard\libc_nano.a(lib_a-impure.o)
                              c:/st/stm32cubeide_1.7.0/stm32cubeide/plugins/com.st.stm32cube.ide.mcu.externaltools.gnu-tools-for-stm32.9-2020-q2-update.win32_2.0.0.202105311346/tools/bin/../lib/gcc/arm-none-eabi/9.3.1/../../../../arm-none-eabi/lib/thumb/v7e-m+fp/hard\libc_nano.a(lib_a-exit.o) (_global_impure_ptr)
c:/st/stm32cubeide_1.7.0/stm32cubeide/plugins/com.st.stm32cube.ide.mcu.externaltools.gnu-tools-for-stm32.9-2020-q2-update.win32_2.0.0.202105311346/tools/bin/../lib/gcc/arm-none-eabi/9.3.1/../../../../arm-none-eabi/lib/thumb/v7e-m+fp/hard\libc_nano.a(lib_a-init.o)
                              c:/st/stm32cubeide_1.7.0/stm32cubeide/plugins/com.st.stm32cube.ide.mcu.externaltools.gnu-tools-for-stm32.9-2020-q2-update.win32_2.0.0.202105311346/tools/bin/../lib/gcc/arm-none-eabi/9.3.1/../../../../arm-none-eabi/lib/thumb/v7e-m+fp/hard/crt0.o (__libc_init_array)
c:/st/stm32cubeide_1.7.0/stm32cubeide/plugins/com.st.stm32cube.ide.mcu.externaltools.gnu-tools-for-stm32.9-2020-q2-update.win32_2.0.0.202105311346/tools/bin/../lib/gcc/arm-none-eabi/9.3.1/../../../../arm-none-eabi/lib/thumb/v7e-m+fp/hard\libc_nano.a(lib_a-memset.o)
                              c:/st/stm32cubeide_1.7.0/stm32cubeide/plugins/com.st.stm32cube.ide.mcu.externaltools.gnu-tools-for-stm32.9-2020-q2-update.win32_2.0.0.202105311346/tools/bin/../lib/gcc/arm-none-eabi/9.3.1/../../../../arm-none-eabi/lib/thumb/v7e-m+fp/hard/crt0.o (memset)
c:/st/stm32cubeide_1.7.0/stm32cubeide/plugins/com.st.stm32cube.ide.mcu.externaltools.gnu-tools-for-stm32.9-2020-q2-update.win32_2.0.0.202105311346/tools/bin/../lib/gcc/arm-none-eabi/9.3.1/thumb/v7e-m+fp/hard\libgcc.a(_arm_muldf3.o)
                              ./Core/Src/sensores.o (__aeabi_dmul)
c:/st/stm32cubeide_1.7.0/stm32cubeide/plugins/com.st.stm32cube.ide.mcu.externaltools.gnu-tools-for-stm32.9-2020-q2-update.win32_2.0.0.202105311346/tools/bin/../lib/gcc/arm-none-eabi/9.3.1/thumb/v7e-m+fp/hard\libgcc.a(_arm_addsubdf3.o)
                              ./Core/Src/motores.o (__aeabi_dadd)
c:/st/stm32cubeide_1.7.0/stm32cubeide/plugins/com.st.stm32cube.ide.mcu.externaltools.gnu-tools-for-stm32.9-2020-q2-update.win32_2.0.0.202105311346/tools/bin/../lib/gcc/arm-none-eabi/9.3.1/thumb/v7e-m+fp/hard\libgcc.a(_arm_muldivdf3.o)
                              ./Core/Src/sensores.o (__aeabi_ddiv)
c:/st/stm32cubeide_1.7.0/stm32cubeide/plugins/com.st.stm32cube.ide.mcu.externaltools.gnu-tools-for-stm32.9-2020-q2-update.win32_2.0.0.202105311346/tools/bin/../lib/gcc/arm-none-eabi/9.3.1/thumb/v7e-m+fp/hard\libgcc.a(_arm_fixdfsi.o)
                              ./Core/Src/motores.o (__aeabi_d2iz)
c:/st/stm32cubeide_1.7.0/stm32cubeide/plugins/com.st.stm32cube.ide.mcu.externaltools.gnu-tools-for-stm32.9-2020-q2-update.win32_2.0.0.202105311346/tools/bin/../lib/gcc/arm-none-eabi/9.3.1/thumb/v7e-m+fp/hard\libgcc.a(_arm_truncdfsf2.o)
                              ./Core/Src/sensores.o (__aeabi_d2f)
c:/st/stm32cubeide_1.7.0/stm32cubeide/plugins/com.st.stm32cube.ide.mcu.externaltools.gnu-tools-for-stm32.9-2020-q2-update.win32_2.0.0.202105311346/tools/bin/../lib/gcc/arm-none-eabi/9.3.1/thumb/v7e-m+fp/hard\libgcc.a(_aeabi_ldivmod.o)
                              ./Drivers/STM32F4xx_HAL_Driver/Src/stm32f4xx_hal_rcc.o (__aeabi_ldivmod)
c:/st/stm32cubeide_1.7.0/stm32cubeide/plugins/com.st.stm32cube.ide.mcu.externaltools.gnu-tools-for-stm32.9-2020-q2-update.win32_2.0.0.202105311346/tools/bin/../lib/gcc/arm-none-eabi/9.3.1/thumb/v7e-m+fp/hard\libgcc.a(_aeabi_uldivmod.o)
                              ./Drivers/STM32F4xx_HAL_Driver/Src/stm32f4xx_hal_rcc.o (__aeabi_uldivmod)
[...]
Memory Configuration

Name             Origin             Length             Attributes
RAM              0x0000000020000000 0x0000000000020000 xrw
FLASH            0x0000000008000000 0x0000000000080000 xr
*default*        0x0000000000000000 0xffffffffffffffff

Linker script and memory map

LOAD c:/st/stm32cubeide_1.7.0/stm32cubeide/plugins/com.st.stm32cube.ide.mcu.externaltools.gnu-tools-for-stm32.9-2020-q2-update.win32_2.0.0.202105311346/tools/bin/../lib/gcc/arm-none-eabi/9.3.1/thumb/v7e-m+fp/hard/crti.o
LOAD c:/st/stm32cubeide_1.7.0/stm32cubeide/plugins/com.st.stm32cube.ide.mcu.externaltools.gnu-tools-for-stm32.9-2020-q2-update.win32_2.0.0.202105311346/tools/bin/../lib/gcc/arm-none-eabi/9.3.1/thumb/v7e-m+fp/hard/crtbegin.o
LOAD c:/st/stm32cubeide_1.7.0/stm32cubeide/plugins/com.st.stm32cube.ide.mcu.externaltools.gnu-tools-for-stm32.9-2020-q2-update.win32_2.0.0.202105311346/tools/bin/../lib/gcc/arm-none-eabi/9.3.1/../../../../arm-none-eabi/lib/thumb/v7e-m+fp/hard/crt0.o
LOAD ./Core/Src/comunicaciones.o
LOAD ./Core/Src/hardware.o
LOAD ./Core/Src/main.o
LOAD ./Core/Src/motores.o
LOAD ./Core/Src/navegacion.o
LOAD ./Core/Src/sensores.o
LOAD ./Core/Src/sonido.o
LOAD ./Core/Src/stm32f4xx_hal_msp.o
LOAD ./Core/Src/stm32f4xx_it.o
LOAD ./Core/Src/syscalls.o
LOAD ./Core/Src/sysmem.o
LOAD ./Core/Src/system_stm32f4xx.o
LOAD ./Core/Startup/startup_stm32f446retx.o
LOAD ./Drivers/STM32F4xx_HAL_Driver/Src/stm32f4xx_hal.o
LOAD ./Drivers/STM32F4xx_HAL_Driver/Src/stm32f4xx_hal_cortex.o
LOAD ./Drivers/STM32F4xx_HAL_Driver/Src/stm32f4xx_hal_dac.o
LOAD ./Drivers/STM32F4xx_HAL_Driver/Src/stm32f4xx_hal_dac_ex.o
LOAD ./Drivers/STM32F4xx_HAL_Driver/Src/stm32f4xx_hal_dma.o
LOAD ./Drivers/STM32F4xx_HAL_Driver/Src/stm32f4xx_hal_dma_ex.o
LOAD ./Drivers/STM32F4xx_HAL_Driver/Src/stm32f4xx_hal_exti.o
LOAD ./Drivers/STM32F4xx_HAL_Driver/Src/stm32f4xx_hal_flash.o
LOAD ./Drivers/STM32F4xx_HAL_Driver/Src/stm32f4xx_hal_flash_ex.o
LOAD ./Drivers/STM32F4xx_HAL_Driver/Src/stm32f4xx_hal_flash_ramfunc.o
LOAD ./Drivers/STM32F4xx_HAL_Driver/Src/stm32f4xx_hal_gpio.o
LOAD ./Drivers/STM32F4xx_HAL_Driver/Src/stm32f4xx_hal_pwr.o
LOAD ./Drivers/STM32F4xx_HAL_Driver/Src/stm32f4xx_hal_pwr_ex.o
LOAD ./Drivers/STM32F4xx_HAL_Driver/Src/stm32f4xx_hal_rcc.o
LOAD ./Drivers/STM32F4xx_HAL_Driver/Src/stm32f4xx_hal_rcc_ex.o
LOAD ./Drivers/STM32F4xx_HAL_Driver/Src/stm32f4xx_hal_tim.o
LOAD ./Drivers/STM32F4xx_HAL_Driver/Src/stm32f4xx_hal_tim_ex.o
LOAD ./Drivers/STM32F4xx_HAL_Driver/Src/stm32f4xx_hal_uart.o
START GROUP
LOAD c:/st/stm32cubeide_1.7.0/stm32cubeide/plugins/com.st.stm32cube.ide.mcu.externaltools.gnu-tools-for-stm32.9-2020-q2-update.win32_2.0.0.202105311346/tools/bin/../lib/gcc/arm-none-eabi/9.3.1/../../../../arm-none-eabi/lib/thumb/v7e-m+fp/hard\libc_nano.a
LOAD c:/st/stm32cubeide_1.7.0/stm32cubeide/plugins/com.st.stm32cube.ide.mcu.externaltools.gnu-tools-for-stm32.9-2020-q2-update.win32_2.0.0.202105311346/tools/bin/../lib/gcc/arm-none-eabi/9.3.1/../../../../arm-none-eabi/lib/thumb/v7e-m+fp/hard\libm.a
END GROUP
START GROUP
LOAD c:/st/stm32cubeide_1.7.0/stm32cubeide/plugins/com.st.stm32cube.ide.mcu.externaltools.gnu-tools-for-stm32.9-2020-q2-update.win32_2.0.0.202105311346/tools/bin/../lib/gcc/arm-none-eabi/9.3.1/thumb/v7e-m+fp/hard\libgcc.a
LOAD c:/st/stm32cubeide_1.7.0/stm32cubeide/plugins/com.st.stm32cube.ide.mcu.externaltools.gnu-tools-for-stm32.9-2020-q2-update.win32_2.0.0.202105311346/tools/bin/../lib/gcc/arm-none-eabi/9.3.1/../../../../arm-none-eabi/lib/thumb/v7e-m+fp/hard\libc_nano.a
END GROUP
START GROUP
LOAD c:/st/stm32cubeide_1.7.0/stm32cubeide/plugins/com.st.stm32cube.ide.mcu.externaltools.gnu-tools-for-stm32.9-2020-q2-update.win32_2.0.0.202105311346/tools/bin/../lib/gcc/arm-none-eabi/9.3.1/thumb/v7e-m+fp/hard\libgcc.a
LOAD c:/st/stm32cubeide_1.7.0/stm32cubeide/plugins/com.st.stm32cube.ide.mcu.externaltools.gnu-tools-for-stm32.9-2020-q2-update.win32_2.0.0.202105311346/tools/bin/../lib/gcc/arm-none-eabi/9.3.1/../../../../arm-none-eabi/lib/thumb/v7e-m+fp/hard\libc_nano.a
LOAD c:/st/stm32cubeide_1.7.0/stm32cubeide/plugins/com.st.stm32cube.ide.mcu.externaltools.gnu-tools-for-stm32.9-2020-q2-update.win32_2.0.0.202105311346/tools/bin/../lib/gcc/arm-none-eabi/9.3.1/../../../../arm-none-eabi/lib/thumb/v7e-m+fp/hard\libnosys.a
END GROUP
START GROUP
LOAD c:/st/stm32cubeide_1.7.0/stm32cubeide/plugins/com.st.stm32cube.ide.mcu.externaltools.gnu-tools-for-stm32.9-2020-q2-update.win32_2.0.0.202105311346/tools/bin/../lib/gcc/arm-none-eabi/9.3.1/thumb/v7e-m+fp/hard\libgcc.a
LOAD c:/st/stm32cubeide_1.7.0/stm32cubeide/plugins/com.st.stm32cube.ide.mcu.externaltools.gnu-tools-for-stm32.9-2020-q2-update.win32_2.0.0.202105311346/tools/bin/../lib/gcc/arm-none-eabi/9.3.1/../../../../arm-none-eabi/lib/thumb/v7e-m+fp/hard\libc_nano.a
LOAD c:/st/stm32cubeide_1.7.0/stm32cubeide/plugins/com.st.stm32cube.ide.mcu.externaltools.gnu-tools-for-stm32.9-2020-q2-update.win32_2.0.0.202105311346/tools/bin/../lib/gcc/arm-none-eabi/9.3.1/../../../../arm-none-eabi/lib/thumb/v7e-m+fp/hard\libnosys.a
END GROUP
LOAD c:/st/stm32cubeide_1.7.0/stm32cubeide/plugins/com.st.stm32cube.ide.mcu.externaltools.gnu-tools-for-stm32.9-2020-q2-update.win32_2.0.0.202105311346/tools/bin/../lib/gcc/arm-none-eabi/9.3.1/thumb/v7e-m+fp/hard/crtend.o
LOAD c:/st/stm32cubeide_1.7.0/stm32cubeide/plugins/com.st.stm32cube.ide.mcu.externaltools.gnu-tools-for-stm32.9-2020-q2-update.win32_2.0.0.202105311346/tools/bin/../lib/gcc/arm-none-eabi/9.3.1/thumb/v7e-m+fp/hard/crtn.o
                0x0000000020020000                _estack = (ORIGIN (RAM) + LENGTH (RAM))
                0x0000000000000200                _Min_Heap_Size = 0x200
                0x0000000000000400                _Min_Stack_Size = 0x400

.isr_vector     0x0000000008000000      0x1c4
                0x0000000008000000                . = ALIGN (0x4)
 *(.isr_vector)
 .isr_vector    0x0000000008000000      0x1c4 ./Core/Startup/startup_stm32f446retx.o
                0x0000000008000000                g_pfnVectors
                0x00000000080001c4                . = ALIGN (0x4)

.text           0x00000000080001c8     0x44c0
                0x00000000080001c8                . = ALIGN (0x4)
 *(.text)
 .text          0x00000000080001c8       0x40 c:/st/stm32cubeide_1.7.0/stm32cubeide/plugins/com.st.stm32cube.ide.mcu.externaltools.gnu-tools-for-stm32.9-2020-q2-update.win32_2.0.0.202105311346/tools/bin/../lib/gcc/arm-none-eabi/9.3.1/thumb/v7e-m+fp/hard/crtbegin.o
 .text          0x0000000008000208      0x378 c:/st/stm32cubeide_1.7.0/stm32cubeide/plugins/com.st.stm32cube.ide.mcu.externaltools.gnu-tools-for-stm32.9-2020-q2-update.win32_2.0.0.202105311346/tools/bin/../lib/gcc/arm-none-eabi/9.3.1/thumb/v7e-m+fp/hard\libgcc.a(_arm_addsubdf3.o)
                0x0000000008000208                __aeabi_drsub
                0x0000000008000210                __aeabi_dsub
                0x0000000008000210                __subdf3
                0x0000000008000214                __aeabi_dadd
                0x0000000008000214                __adddf3
                0x000000000800048c                __floatunsidf
                0x000000000800048c                __aeabi_ui2d
                0x00000000080004ac                __floatsidf
                0x00000000080004ac                __aeabi_i2d
                0x00000000080004d0                __aeabi_f2d
                0x00000000080004d0                __extendsfdf2
                0x0000000008000514                __floatundidf
                0x0000000008000514                __aeabi_ul2d
                0x0000000008000524                __floatdidf
                0x0000000008000524                __aeabi_l2d
 .text          0x0000000008000580      0x424 c:/st/stm32cubeide_1.7.0/stm32cubeide/plugins/com.st.stm32cube.ide.mcu.externaltools.gnu-tools-for-stm32.9-2020-q2-update.win32_2.0.0.202105311346/tools/bin/../lib/gcc/arm-none-eabi/9.3.1/thumb/v7e-m+fp/hard\libgcc.a(_arm_muldivdf3.o)
                0x0000000008000580                __aeabi_dmul
                0x0000000008000580                __muldf3
                0x00000000080007d4                __divdf3
                0x00000000080007d4                __aeabi_ddiv
 .text          0x00000000080009a4       0xa0 c:/st/stm32cubeide_1.7.0/stm32cubeide/plugins/com.st.stm32cube.ide.mcu.externaltools.gnu-tools-for-stm32.9-2020-q2-update.win32_2.0.0.202105311346/tools/bin/../lib/gcc/arm-none-eabi/9.3.1/thumb/v7e-m+fp/hard\libgcc.a(_arm_truncdfsf2.o)
                0x00000000080009a4                __truncdfsf2
                0x00000000080009a4                __aeabi_d2f
 .text          0x0000000008000a44       0x30 c:/st/stm32cubeide_1.7.0/stm32cubeide/plugins/com.st.stm32cube.ide.mcu.externaltools.gnu-tools-for-stm32.9-2020-q2-update.win32_2.0.0.202105311346/tools/bin/../lib/gcc/arm-none-eabi/9.3.1/thumb/v7e-m+fp/hard\libgcc.a(_aeabi_uldivmod.o)
                0x0000000008000a44                __aeabi_uldivmod
 .text          0x0000000008000a74      0x2c4 c:/st/stm32cubeide_1.7.0/stm32cubeide/plugins/com.st.stm32cube.ide.mcu.externaltools.gnu-tools-for-stm32.9-2020-q2-update.win32_2.0.0.202105311346/tools/bin/../lib/gcc/arm-none-eabi/9.3.1/thumb/v7e-m+fp/hard\libgcc.a(_udivmoddi4.o)
                0x0000000008000a74                __udivmoddi4
 .text          0x0000000008000d38        0x4 c:/st/stm32cubeide_1.7.0/stm32cubeide/plugins/com.st.stm32cube.ide.mcu.externaltools.gnu-tools-for-stm32.9-2020-q2-update.win32_2.0.0.202105311346/tools/bin/../lib/gcc/arm-none-eabi/9.3.1/thumb/v7e-m+fp/hard\libgcc.a(_dvmd_tls.o)
                0x0000000008000d38                __aeabi_idiv0
                0x0000000008000d38                __aeabi_ldiv0
 *(.text*)
 .text.InicializaBuffersComunicaciones
                0x0000000008000d3c       0x1c ./Core/Src/comunicaciones.o
                0x0000000008000d3c                InicializaBuffersComunicaciones
 .text.Bin2Ascii
                0x0000000008000d58       0x26 ./Core/Src/comunicaciones.o
                0x0000000008000d58                Bin2Ascii
 .text.LonCad   0x0000000008000d7e       0x10 ./Core/Src/comunicaciones.o
                0x0000000008000d7e                LonCad
 *fill*         0x0000000008000d8e        0x2 
 .text.GestorComunicaciones
                0x0000000008000d90       0x6c ./Core/Src/comunicaciones.o
                0x0000000008000d90                GestorComunicaciones
 .text.TransmiteEvento
                0x0000000008000dfc       0xb0 ./Core/Src/comunicaciones.o
                0x0000000008000dfc                TransmiteEvento
 .text.HAL_UART_RxCpltCallback
                0x0000000008000eac       0x1c ./Core/Src/comunicaciones.o
                0x0000000008000eac                HAL_UART_RxCpltCallback
 .text.HAL_UART_TxCpltCallback
                0x0000000008000ec8       0x34 ./Core/Src/comunicaciones.o
                0x0000000008000ec8                HAL_UART_TxCpltCallback
 .text.ControlPulsador
                0x0000000008000efc       0x4c ./Core/Src/hardware.o
                0x0000000008000efc                ControlPulsador
 .text.ControlLeds
                0x0000000008000f48       0xc0 ./Core/Src/hardware.o
                0x0000000008000f48                ControlLeds
 .text.ControlHabiliadorEco
                0x0000000008001008       0x28 ./Core/Src/hardware.o
                0x0000000008001008                ControlHabiliadorEco
 .text.GestorInterfaz
                0x0000000008001030       0x80 ./Core/Src/hardware.o
                0x0000000008001030                GestorInterfaz
 .text.SystemClock_Config
                0x00000000080010b0       0xa0 ./Core/Src/main.o
                0x00000000080010b0                SystemClock_Config
 .text.HAL_IncTick
                0x0000000008001150       0xc8 ./Core/Src/main.o
                0x0000000008001150                HAL_IncTick
 .text.InicializaVariables
                0x0000000008001218       0x34 ./Core/Src/main.o
                0x0000000008001218                InicializaVariables
 .text.GestorTareas
                0x000000000800124c       0x1e ./Core/Src/main.o
                0x000000000800124c                GestorTareas
 *fill*         0x000000000800126a        0x2 
 .text.startup.main
                0x000000000800126c      0x4f4 ./Core/Src/main.o
                0x000000000800126c                main
 .text.Error_Handler
                0x0000000008001760        0x4 ./Core/Src/main.o
                0x0000000008001760                Error_Handler
 .text.ActualizaVelocidad
                0x0000000008001764        0xc ./Core/Src/motores.o
                0x0000000008001764                ActualizaVelocidad
 .text.ResetPID
                0x0000000008001770       0x18 ./Core/Src/motores.o
                0x0000000008001770                ResetPID
 .text.ControlMotores
                0x0000000008001788      0x23c ./Core/Src/motores.o
                0x0000000008001788                ControlMotores
 .text.GestorMotores
                0x00000000080019c4       0x30 ./Core/Src/motores.o
                0x00000000080019c4                GestorMotores
 .text.ActualizaEstados
                0x00000000080019f4       0x3c ./Core/Src/navegacion.o
                0x00000000080019f4                ActualizaEstados
 .text.MaquinaEstados
                0x0000000008001a30      0x1c4 ./Core/Src/navegacion.o
                0x0000000008001a30                MaquinaEstados
 .text.Navegacion
                0x0000000008001bf4       0x38 ./Core/Src/navegacion.o
                0x0000000008001bf4                Navegacion
 .text.DetectaObstaculo
                0x0000000008001c2c       0x58 ./Core/Src/sensores.o
                0x0000000008001c2c                DetectaObstaculo
 .text.DetectaMovimiento
                0x0000000008001c84       0x70 ./Core/Src/sensores.o
                0x0000000008001c84                DetectaMovimiento
 .text.WriteEcoValue
                0x0000000008001cf4       0x40 ./Core/Src/sensores.o
                0x0000000008001cf4                WriteEcoValue
 .text.InicializaBufferUltrasonidos
                0x0000000008001d34       0x20 ./Core/Src/sensores.o
                0x0000000008001d34                InicializaBufferUltrasonidos
 .text.InicializaHallBuffer
                0x0000000008001d54       0x20 ./Core/Src/sensores.o
                0x0000000008001d54                InicializaHallBuffer
 .text.InicializaBuffers
                0x0000000008001d74       0x28 ./Core/Src/sensores.o
                0x0000000008001d74                InicializaBuffers
 .text.WriteHallValue
                0x0000000008001d9c       0x40 ./Core/Src/sensores.o
                0x0000000008001d9c                WriteHallValue
 .text.MedianN  0x0000000008001ddc       0x90 ./Core/Src/sensores.o
                0x0000000008001ddc                MedianN
 .text.SensoresNivel0
                0x0000000008001e6c      0x120 ./Core/Src/sensores.o
                0x0000000008001e6c                SensoresNivel0
 *fill*         0x0000000008001f8c        0x4 
 .text.GestorSensores
                0x0000000008001f90       0xf8 ./Core/Src/sensores.o
                0x0000000008001f90                GestorSensores
 .text.HAL_TIM_IC_CaptureCallback
                0x0000000008002088      0x130 ./Core/Src/sensores.o
                0x0000000008002088                HAL_TIM_IC_CaptureCallback
 .text.Play     0x00000000080021b8       0x18 ./Core/Src/sonido.o
                0x00000000080021b8                Play
 .text.GeneraPulsoTrack
                0x00000000080021d0       0x64 ./Core/Src/sonido.o
                0x00000000080021d0                GeneraPulsoTrack
 .text.GestorAudio
                0x0000000008002234       0x80 ./Core/Src/sonido.o
                0x0000000008002234                GestorAudio
 .text.HAL_MspInit
                0x00000000080022b4       0x3c ./Core/Src/stm32f4xx_hal_msp.o
                0x00000000080022b4                HAL_MspInit
 .text.HAL_DAC_MspInit
                0x00000000080022f0       0x64 ./Core/Src/stm32f4xx_hal_msp.o
                0x00000000080022f0                HAL_DAC_MspInit
 .text.HAL_TIM_Base_MspInit
                0x0000000008002354      0x124 ./Core/Src/stm32f4xx_hal_msp.o
                0x0000000008002354                HAL_TIM_Base_MspInit
 .text.HAL_TIM_IC_MspInit
                0x0000000008002478       0x7c ./Core/Src/stm32f4xx_hal_msp.o
                0x0000000008002478                HAL_TIM_IC_MspInit
 .text.HAL_TIM_MspPostInit
                0x00000000080024f4       0x94 ./Core/Src/stm32f4xx_hal_msp.o
                0x00000000080024f4                HAL_TIM_MspPostInit
 .text.HAL_UART_MspInit
                0x0000000008002588      0x114 ./Core/Src/stm32f4xx_hal_msp.o
                0x0000000008002588                HAL_UART_MspInit
 .text.NMI_Handler
                0x000000000800269c        0x2 ./Core/Src/stm32f4xx_it.o
                0x000000000800269c                NMI_Handler
 .text.HardFault_Handler
                0x000000000800269e        0x2 ./Core/Src/stm32f4xx_it.o
                0x000000000800269e                HardFault_Handler
 .text.MemManage_Handler
                0x00000000080026a0        0x2 ./Core/Src/stm32f4xx_it.o
                0x00000000080026a0                MemManage_Handler
 .text.BusFault_Handler
                0x00000000080026a2        0x2 ./Core/Src/stm32f4xx_it.o
                0x00000000080026a2                BusFault_Handler
 .text.UsageFault_Handler
                0x00000000080026a4        0x2 ./Core/Src/stm32f4xx_it.o
                0x00000000080026a4                UsageFault_Handler
 .text.SVC_Handler
                0x00000000080026a6        0x2 ./Core/Src/stm32f4xx_it.o
                0x00000000080026a6                SVC_Handler
 .text.DebugMon_Handler
                0x00000000080026a8        0x2 ./Core/Src/stm32f4xx_it.o
                0x00000000080026a8                DebugMon_Handler
 .text.PendSV_Handler
                0x00000000080026aa        0x2 ./Core/Src/stm32f4xx_it.o
                0x00000000080026aa                PendSV_Handler
 .text.SysTick_Handler
                0x00000000080026ac        0x4 ./Core/Src/stm32f4xx_it.o
                0x00000000080026ac                SysTick_Handler
 .text.TIM2_IRQHandler
                0x00000000080026b0        0xc ./Core/Src/stm32f4xx_it.o
                0x00000000080026b0                TIM2_IRQHandler
 .text.TIM4_IRQHandler
                0x00000000080026bc        0xc ./Core/Src/stm32f4xx_it.o
                0x00000000080026bc                TIM4_IRQHandler
 .text.USART1_IRQHandler
                0x00000000080026c8        0xc ./Core/Src/stm32f4xx_it.o
                0x00000000080026c8                USART1_IRQHandler
 .text.TIM8_CC_IRQHandler
                0x00000000080026d4        0xc ./Core/Src/stm32f4xx_it.o
                0x00000000080026d4                TIM8_CC_IRQHandler
 .text.DMA2_Stream7_IRQHandler
                0x00000000080026e0        0xc ./Core/Src/stm32f4xx_it.o
                0x00000000080026e0                DMA2_Stream7_IRQHandler
 .text.SystemInit
                0x00000000080026ec       0x14 ./Core/Src/system_stm32f4xx.o
                0x00000000080026ec                SystemInit
 .text.Reset_Handler
                0x0000000008002700       0x50 ./Core/Startup/startup_stm32f446retx.o
                0x0000000008002700                Reset_Handler
 .text.Default_Handler
                0x0000000008002750        0x2 ./Core/Startup/startup_stm32f446retx.o
                0x0000000008002750                RTC_Alarm_IRQHandler
                0x0000000008002750                EXTI2_IRQHandler
                0x0000000008002750                FMPI2C1_EV_IRQHandler
                0x0000000008002750                SPI4_IRQHandler
                0x0000000008002750                TIM1_CC_IRQHandler
                0x0000000008002750                DMA2_Stream5_IRQHandler
                0x0000000008002750                DMA1_Stream5_IRQHandler
                0x0000000008002750                PVD_IRQHandler
                0x0000000008002750                SDIO_IRQHandler
                0x0000000008002750                TAMP_STAMP_IRQHandler
                0x0000000008002750                CAN2_RX1_IRQHandler
                0x0000000008002750                EXTI3_IRQHandler
                0x0000000008002750                TIM8_TRG_COM_TIM14_IRQHandler
                0x0000000008002750                TIM1_UP_TIM10_IRQHandler
                0x0000000008002750                TIM8_UP_TIM13_IRQHandler
                0x0000000008002750                I2C3_ER_IRQHandler
                0x0000000008002750                EXTI0_IRQHandler
                0x0000000008002750                I2C2_EV_IRQHandler
                0x0000000008002750                DMA1_Stream2_IRQHandler
                0x0000000008002750                CAN1_RX0_IRQHandler
                0x0000000008002750                FPU_IRQHandler
                0x0000000008002750                OTG_HS_WKUP_IRQHandler
                0x0000000008002750                CAN2_SCE_IRQHandler
                0x0000000008002750                DMA2_Stream2_IRQHandler
                0x0000000008002750                SPI1_IRQHandler
                0x0000000008002750                TIM6_DAC_IRQHandler
                0x0000000008002750                TIM1_BRK_TIM9_IRQHandler
                0x0000000008002750                DCMI_IRQHandler
                0x0000000008002750                CAN2_RX0_IRQHandler
                0x0000000008002750                DMA2_Stream3_IRQHandler
                0x0000000008002750                SAI2_IRQHandler
                0x0000000008002750                USART6_IRQHandler
                0x0000000008002750                USART3_IRQHandler
                0x0000000008002750                CAN1_RX1_IRQHandler
                0x0000000008002750                UART5_IRQHandler
                0x0000000008002750                DMA2_Stream0_IRQHandler
                0x0000000008002750                QUADSPI_IRQHandler
                0x0000000008002750                I2C1_EV_IRQHandler
                0x0000000008002750                DMA1_Stream6_IRQHandler
                0x0000000008002750                DMA1_Stream1_IRQHandler
                0x0000000008002750                UART4_IRQHandler
                0x0000000008002750                TIM3_IRQHandler
                0x0000000008002750                RCC_IRQHandler
                0x0000000008002750                TIM8_BRK_TIM12_IRQHandler
                0x0000000008002750                Default_Handler
                0x0000000008002750                CEC_IRQHandler
                0x0000000008002750                EXTI15_10_IRQHandler
                0x0000000008002750                ADC_IRQHandler
                0x0000000008002750                DMA1_Stream7_IRQHandler
                0x0000000008002750                TIM7_IRQHandler
                0x0000000008002750                CAN2_TX_IRQHandler
                0x0000000008002750                TIM5_IRQHandler
                0x0000000008002750                I2C3_EV_IRQHandler
                0x0000000008002750                EXTI9_5_IRQHandler
                0x0000000008002750                RTC_WKUP_IRQHandler
                0x0000000008002750                SPDIF_RX_IRQHandler
                0x0000000008002750                SPI2_IRQHandler
                0x0000000008002750                OTG_HS_EP1_IN_IRQHandler
                0x0000000008002750                DMA1_Stream0_IRQHandler
                0x0000000008002750                CAN1_TX_IRQHandler
                0x0000000008002750                FMPI2C1_ER_IRQHandler
                0x0000000008002750                EXTI4_IRQHandler
                0x0000000008002750                OTG_HS_EP1_OUT_IRQHandler
                0x0000000008002750                WWDG_IRQHandler
                0x0000000008002750                OTG_FS_WKUP_IRQHandler
                0x0000000008002750                TIM1_TRG_COM_TIM11_IRQHandler
                0x0000000008002750                OTG_HS_IRQHandler
                0x0000000008002750                EXTI1_IRQHandler
                0x0000000008002750                USART2_IRQHandler
                0x0000000008002750                I2C2_ER_IRQHandler
                0x0000000008002750                DMA2_Stream1_IRQHandler
                0x0000000008002750                CAN1_SCE_IRQHandler
                0x0000000008002750                FLASH_IRQHandler
                0x0000000008002750                DMA2_Stream4_IRQHandler
                0x0000000008002750                OTG_FS_IRQHandler
                0x0000000008002750                SPI3_IRQHandler
                0x0000000008002750                DMA1_Stream4_IRQHandler
                0x0000000008002750                I2C1_ER_IRQHandler
                0x0000000008002750                FMC_IRQHandler
                0x0000000008002750                DMA2_Stream6_IRQHandler
                0x0000000008002750                SAI1_IRQHandler
                0x0000000008002750                DMA1_Stream3_IRQHandler
 *fill*         0x0000000008002752        0x2 
 .text.HAL_InitTick
                0x0000000008002754       0x48 ./Drivers/STM32F4xx_HAL_Driver/Src/stm32f4xx_hal.o
                0x0000000008002754                HAL_InitTick
 .text.HAL_Init
                0x000000000800279c       0x34 ./Drivers/STM32F4xx_HAL_Driver/Src/stm32f4xx_hal.o
                0x000000000800279c                HAL_Init
 .text.HAL_GetTick
                0x00000000080027d0        0xc ./Drivers/STM32F4xx_HAL_Driver/Src/stm32f4xx_hal.o
                0x00000000080027d0                HAL_GetTick
 .text.HAL_NVIC_SetPriorityGrouping
                0x00000000080027dc       0x24 ./Drivers/STM32F4xx_HAL_Driver/Src/stm32f4xx_hal_cortex.o
                0x00000000080027dc                HAL_NVIC_SetPriorityGrouping
 .text.HAL_NVIC_SetPriority
                0x0000000008002800       0x64 ./Drivers/STM32F4xx_HAL_Driver/Src/stm32f4xx_hal_cortex.o
                0x0000000008002800                HAL_NVIC_SetPriority
 .text.HAL_NVIC_EnableIRQ
                0x0000000008002864       0x1c ./Drivers/STM32F4xx_HAL_Driver/Src/stm32f4xx_hal_cortex.o
                0x0000000008002864                HAL_NVIC_EnableIRQ
 .text.HAL_SYSTICK_Config
                0x0000000008002880       0x2c ./Drivers/STM32F4xx_HAL_Driver/Src/stm32f4xx_hal_cortex.o
                0x0000000008002880                HAL_SYSTICK_Config
 .text.HAL_DAC_Init
                0x00000000080028ac       0x26 ./Drivers/STM32F4xx_HAL_Driver/Src/stm32f4xx_hal_dac.o
                0x00000000080028ac                HAL_DAC_Init
 .text.HAL_DAC_Start
                0x00000000080028d2       0x54 ./Drivers/STM32F4xx_HAL_Driver/Src/stm32f4xx_hal_dac.o
                0x00000000080028d2                HAL_DAC_Start
 .text.HAL_DAC_SetValue
                0x0000000008002926       0x24 ./Drivers/STM32F4xx_HAL_Driver/Src/stm32f4xx_hal_dac.o
                0x0000000008002926                HAL_DAC_SetValue
 .text.HAL_DAC_ConfigChannel
                0x000000000800294a       0x46 ./Drivers/STM32F4xx_HAL_Driver/Src/stm32f4xx_hal_dac.o
                0x000000000800294a                HAL_DAC_ConfigChannel
 .text.DMA_CalcBaseAndBitshift
                0x0000000008002990       0x2c ./Drivers/STM32F4xx_HAL_Driver/Src/stm32f4xx_hal_dma.o
 .text.HAL_DMA_Init
                0x00000000080029bc      0x100 ./Drivers/STM32F4xx_HAL_Driver/Src/stm32f4xx_hal_dma.o
                0x00000000080029bc                HAL_DMA_Init
 .text.HAL_DMA_Start_IT
                0x0000000008002abc       0x74 ./Drivers/STM32F4xx_HAL_Driver/Src/stm32f4xx_hal_dma.o
                0x0000000008002abc                HAL_DMA_Start_IT
 .text.HAL_DMA_Abort
                0x0000000008002b30       0x88 ./Drivers/STM32F4xx_HAL_Driver/Src/stm32f4xx_hal_dma.o
                0x0000000008002b30                HAL_DMA_Abort
 .text.HAL_DMA_Abort_IT
                0x0000000008002bb8       0x24 ./Drivers/STM32F4xx_HAL_Driver/Src/stm32f4xx_hal_dma.o
                0x0000000008002bb8                HAL_DMA_Abort_IT
 .text.HAL_DMA_IRQHandler
                0x0000000008002bdc      0x17c ./Drivers/STM32F4xx_HAL_Driver/Src/stm32f4xx_hal_dma.o
                0x0000000008002bdc                HAL_DMA_IRQHandler
 .text.HAL_GPIO_Init
                0x0000000008002d58      0x1a8 ./Drivers/STM32F4xx_HAL_Driver/Src/stm32f4xx_hal_gpio.o
                0x0000000008002d58                HAL_GPIO_Init
 .text.HAL_GPIO_ReadPin
                0x0000000008002f00        0xc ./Drivers/STM32F4xx_HAL_Driver/Src/stm32f4xx_hal_gpio.o
                0x0000000008002f00                HAL_GPIO_ReadPin
 .text.HAL_GPIO_WritePin
                0x0000000008002f0c        0xa ./Drivers/STM32F4xx_HAL_Driver/Src/stm32f4xx_hal_gpio.o
                0x0000000008002f0c                HAL_GPIO_WritePin
 .text.HAL_GPIO_TogglePin
                0x0000000008002f16       0x12 ./Drivers/STM32F4xx_HAL_Driver/Src/stm32f4xx_hal_gpio.o
                0x0000000008002f16                HAL_GPIO_TogglePin
 .text.HAL_RCC_ClockConfig
                0x0000000008002f28      0x138 ./Drivers/STM32F4xx_HAL_Driver/Src/stm32f4xx_hal_rcc.o
                0x0000000008002f28                HAL_RCC_ClockConfig
 .text.HAL_RCC_GetPCLK1Freq
                0x0000000008003060       0x20 ./Drivers/STM32F4xx_HAL_Driver/Src/stm32f4xx_hal_rcc.o
                0x0000000008003060                HAL_RCC_GetPCLK1Freq
 .text.HAL_RCC_GetPCLK2Freq
                0x0000000008003080       0x20 ./Drivers/STM32F4xx_HAL_Driver/Src/stm32f4xx_hal_rcc.o
                0x0000000008003080                HAL_RCC_GetPCLK2Freq
 .text.HAL_RCC_GetSysClockFreq
                0x00000000080030a0       0x90 ./Drivers/STM32F4xx_HAL_Driver/Src/stm32f4xx_hal_rcc_ex.o
                0x00000000080030a0                HAL_RCC_GetSysClockFreq
 .text.HAL_RCC_OscConfig
                0x0000000008003130      0x38c ./Drivers/STM32F4xx_HAL_Driver/Src/stm32f4xx_hal_rcc_ex.o
                0x0000000008003130                HAL_RCC_OscConfig
 .text.TIM_OC1_SetConfig
                0x00000000080034bc       0x64 ./Drivers/STM32F4xx_HAL_Driver/Src/stm32f4xx_hal_tim.o
 .text.TIM_OC3_SetConfig
                0x0000000008003520       0x6c ./Drivers/STM32F4xx_HAL_Driver/Src/stm32f4xx_hal_tim.o
 .text.TIM_OC4_SetConfig
                0x000000000800358c       0x4c ./Drivers/STM32F4xx_HAL_Driver/Src/stm32f4xx_hal_tim.o
 .text.HAL_TIM_PWM_MspInit
                0x00000000080035d8        0x2 ./Drivers/STM32F4xx_HAL_Driver/Src/stm32f4xx_hal_tim.o
                0x00000000080035d8                HAL_TIM_PWM_MspInit
 .text.HAL_TIM_ReadCapturedValue
                0x00000000080035da       0x2c ./Drivers/STM32F4xx_HAL_Driver/Src/stm32f4xx_hal_tim.o
                0x00000000080035da                HAL_TIM_ReadCapturedValue
 .text.HAL_TIM_PeriodElapsedCallback
                0x0000000008003606        0x2 ./Drivers/STM32F4xx_HAL_Driver/Src/stm32f4xx_hal_tim.o
                0x0000000008003606                HAL_TIM_PeriodElapsedCallback
 .text.HAL_TIM_OC_DelayElapsedCallback
                0x0000000008003608        0x2 ./Drivers/STM32F4xx_HAL_Driver/Src/stm32f4xx_hal_tim.o
                0x0000000008003608                HAL_TIM_OC_DelayElapsedCallback
 .text.HAL_TIM_PWM_PulseFinishedCallback
                0x000000000800360a        0x2 ./Drivers/STM32F4xx_HAL_Driver/Src/stm32f4xx_hal_tim.o
                0x000000000800360a                HAL_TIM_PWM_PulseFinishedCallback
 .text.HAL_TIM_TriggerCallback
                0x000000000800360c        0x2 ./Drivers/STM32F4xx_HAL_Driver/Src/stm32f4xx_hal_tim.o
                0x000000000800360c                HAL_TIM_TriggerCallback
 .text.HAL_TIM_IRQHandler
                0x000000000800360e      0x144 ./Drivers/STM32F4xx_HAL_Driver/Src/stm32f4xx_hal_tim.o
                0x000000000800360e                HAL_TIM_IRQHandler
 *fill*         0x0000000008003752        0x2 
 .text.TIM_Base_SetConfig
                0x0000000008003754       0xcc ./Drivers/STM32F4xx_HAL_Driver/Src/stm32f4xx_hal_tim.o
                0x0000000008003754                TIM_Base_SetConfig
 .text.HAL_TIM_Base_Init
                0x0000000008003820       0x58 ./Drivers/STM32F4xx_HAL_Driver/Src/stm32f4xx_hal_tim.o
                0x0000000008003820                HAL_TIM_Base_Init
 .text.HAL_TIM_PWM_Init
                0x0000000008003878       0x58 ./Drivers/STM32F4xx_HAL_Driver/Src/stm32f4xx_hal_tim.o
                0x0000000008003878                HAL_TIM_PWM_Init
 .text.HAL_TIM_IC_Init
                0x00000000080038d0       0x58 ./Drivers/STM32F4xx_HAL_Driver/Src/stm32f4xx_hal_tim.o
                0x00000000080038d0                HAL_TIM_IC_Init
 .text.TIM_OC2_SetConfig
                0x0000000008003928       0x6c ./Drivers/STM32F4xx_HAL_Driver/Src/stm32f4xx_hal_tim.o
                0x0000000008003928                TIM_OC2_SetConfig
 .text.HAL_TIM_PWM_ConfigChannel
                0x0000000008003994       0xbc ./Drivers/STM32F4xx_HAL_Driver/Src/stm32f4xx_hal_tim.o
                0x0000000008003994                HAL_TIM_PWM_ConfigChannel
 .text.TIM_TI1_SetConfig
                0x0000000008003a50       0x74 ./Drivers/STM32F4xx_HAL_Driver/Src/stm32f4xx_hal_tim.o
                0x0000000008003a50                TIM_TI1_SetConfig
 .text.HAL_TIM_IC_ConfigChannel
                0x0000000008003ac4      0x126 ./Drivers/STM32F4xx_HAL_Driver/Src/stm32f4xx_hal_tim.o
                0x0000000008003ac4                HAL_TIM_IC_ConfigChannel
 .text.TIM_ETR_SetConfig
                0x0000000008003bea       0x14 ./Drivers/STM32F4xx_HAL_Driver/Src/stm32f4xx_hal_tim.o
                0x0000000008003bea                TIM_ETR_SetConfig
 .text.HAL_TIM_ConfigClockSource
                0x0000000008003bfe      0x138 ./Drivers/STM32F4xx_HAL_Driver/Src/stm32f4xx_hal_tim.o
                0x0000000008003bfe                HAL_TIM_ConfigClockSource
 .text.TIM_CCxChannelCmd
                0x0000000008003d36       0x1c ./Drivers/STM32F4xx_HAL_Driver/Src/stm32f4xx_hal_tim.o
                0x0000000008003d36                TIM_CCxChannelCmd
 *fill*         0x0000000008003d52        0x2 
 .text.HAL_TIM_OC_Start
                0x0000000008003d54       0xcc ./Drivers/STM32F4xx_HAL_Driver/Src/stm32f4xx_hal_tim.o
                0x0000000008003d54                HAL_TIM_OC_Start
 .text.HAL_TIM_PWM_Start
                0x0000000008003e20        0x4 ./Drivers/STM32F4xx_HAL_Driver/Src/stm32f4xx_hal_tim.o
                0x0000000008003e20                HAL_TIM_PWM_Start
 .text.HAL_TIM_IC_Start_IT
                0x0000000008003e24      0x108 ./Drivers/STM32F4xx_HAL_Driver/Src/stm32f4xx_hal_tim.o
                0x0000000008003e24                HAL_TIM_IC_Start_IT
 .text.HAL_TIMEx_MasterConfigSynchronization
                0x0000000008003f2c       0x7c ./Drivers/STM32F4xx_HAL_Driver/Src/stm32f4xx_hal_tim_ex.o
                0x0000000008003f2c                HAL_TIMEx_MasterConfigSynchronization
 .text.HAL_TIMEx_CommutCallback
                0x0000000008003fa8        0x2 ./Drivers/STM32F4xx_HAL_Driver/Src/stm32f4xx_hal_tim_ex.o
                0x0000000008003fa8                HAL_TIMEx_CommutCallback
 .text.HAL_TIMEx_BreakCallback
                0x0000000008003faa        0x2 ./Drivers/STM32F4xx_HAL_Driver/Src/stm32f4xx_hal_tim_ex.o
                0x0000000008003faa                HAL_TIMEx_BreakCallback
 .text.UART_EndRxTransfer
                0x0000000008003fac       0x5c ./Drivers/STM32F4xx_HAL_Driver/Src/stm32f4xx_hal_uart.o
 .text.UART_SetConfig
                0x0000000008004008       0xbc ./Drivers/STM32F4xx_HAL_Driver/Src/stm32f4xx_hal_uart.o
 .text.HAL_UART_Init
                0x00000000080040c4       0x5c ./Drivers/STM32F4xx_HAL_Driver/Src/stm32f4xx_hal_uart.o
                0x00000000080040c4                HAL_UART_Init
 .text.HAL_UART_Transmit_DMA
                0x0000000008004120       0x84 ./Drivers/STM32F4xx_HAL_Driver/Src/stm32f4xx_hal_uart.o
                0x0000000008004120                HAL_UART_Transmit_DMA
 .text.UART_DMATransmitCplt
                0x00000000080041a4       0x4c ./Drivers/STM32F4xx_HAL_Driver/Src/stm32f4xx_hal_uart.o
 .text.HAL_UART_TxHalfCpltCallback
                0x00000000080041f0        0x2 ./Drivers/STM32F4xx_HAL_Driver/Src/stm32f4xx_hal_uart.o
                0x00000000080041f0                HAL_UART_TxHalfCpltCallback
 .text.UART_DMATxHalfCplt
                0x00000000080041f2        0xa ./Drivers/STM32F4xx_HAL_Driver/Src/stm32f4xx_hal_uart.o
 .text.HAL_UART_ErrorCallback
                0x00000000080041fc        0x2 ./Drivers/STM32F4xx_HAL_Driver/Src/stm32f4xx_hal_uart.o
                0x00000000080041fc                HAL_UART_ErrorCallback
 .text.UART_DMAError
                0x00000000080041fe       0x5a ./Drivers/STM32F4xx_HAL_Driver/Src/stm32f4xx_hal_uart.o
 .text.UART_DMAAbortOnError
                0x0000000008004258       0x10 ./Drivers/STM32F4xx_HAL_Driver/Src/stm32f4xx_hal_uart.o
 .text.HAL_UARTEx_RxEventCallback
                0x0000000008004268        0x2 ./Drivers/STM32F4xx_HAL_Driver/Src/stm32f4xx_hal_uart.o
                0x0000000008004268                HAL_UARTEx_RxEventCallback
 .text.UART_Receive_IT
                0x000000000800426a       0xb8 ./Drivers/STM32F4xx_HAL_Driver/Src/stm32f4xx_hal_uart.o
 *fill*         0x0000000008004322        0x2 
 .text.HAL_UART_IRQHandler
                0x0000000008004324      0x290 ./Drivers/STM32F4xx_HAL_Driver/Src/stm32f4xx_hal_uart.o
                0x0000000008004324                HAL_UART_IRQHandler
 .text.UART_Start_Receive_IT
                0x00000000080045b4       0x32 ./Drivers/STM32F4xx_HAL_Driver/Src/stm32f4xx_hal_uart.o
                0x00000000080045b4                UART_Start_Receive_IT
 .text.HAL_UART_Receive_IT
                0x00000000080045e6       0x30 ./Drivers/STM32F4xx_HAL_Driver/Src/stm32f4xx_hal_uart.o
                0x00000000080045e6                HAL_UART_Receive_IT
 *fill*         0x0000000008004616        0x2 
 .text.__libc_init_array
                0x0000000008004618       0x48 c:/st/stm32cubeide_1.7.0/stm32cubeide/plugins/com.st.stm32cube.ide.mcu.externaltools.gnu-tools-for-stm32.9-2020-q2-update.win32_2.0.0.202105311346/tools/bin/../lib/gcc/arm-none-eabi/9.3.1/../../../../arm-none-eabi/lib/thumb/v7e-m+fp/hard\libc_nano.a(lib_a-init.o)
                0x0000000008004618                __libc_init_array
 .text.memset   0x0000000008004660       0x10 c:/st/stm32cubeide_1.7.0/stm32cubeide/plugins/com.st.stm32cube.ide.mcu.externaltools.gnu-tools-for-stm32.9-2020-q2-update.win32_2.0.0.202105311346/tools/bin/../lib/gcc/arm-none-eabi/9.3.1/../../../../arm-none-eabi/lib/thumb/v7e-m+fp/hard\libc_nano.a(lib_a-memset.o)
                0x0000000008004660                memset
 *(.glue_7)
 .glue_7        0x0000000008004670        0x0 linker stubs
 *(.glue_7t)
 .glue_7t       0x0000000008004670        0x0 linker stubs
 *(.eh_frame)
 .eh_frame      0x0000000008004670        0x0 c:/st/stm32cubeide_1.7.0/stm32cubeide/plugins/com.st.stm32cube.ide.mcu.externaltools.gnu-tools-for-stm32.9-2020-q2-update.win32_2.0.0.202105311346/tools/bin/../lib/gcc/arm-none-eabi/9.3.1/thumb/v7e-m+fp/hard/crtbegin.o
 *(.init)
 .init          0x0000000008004670        0x4 c:/st/stm32cubeide_1.7.0/stm32cubeide/plugins/com.st.stm32cube.ide.mcu.externaltools.gnu-tools-for-stm32.9-2020-q2-update.win32_2.0.0.202105311346/tools/bin/../lib/gcc/arm-none-eabi/9.3.1/thumb/v7e-m+fp/hard/crti.o
                0x0000000008004670                _init
 .init          0x0000000008004674        0x8 c:/st/stm32cubeide_1.7.0/stm32cubeide/plugins/com.st.stm32cube.ide.mcu.externaltools.gnu-tools-for-stm32.9-2020-q2-update.win32_2.0.0.202105311346/tools/bin/../lib/gcc/arm-none-eabi/9.3.1/thumb/v7e-m+fp/hard/crtn.o
 *(.fini)
 .fini          0x000000000800467c        0x4 c:/st/stm32cubeide_1.7.0/stm32cubeide/plugins/com.st.stm32cube.ide.mcu.externaltools.gnu-tools-for-stm32.9-2020-q2-update.win32_2.0.0.202105311346/tools/bin/../lib/gcc/arm-none-eabi/9.3.1/thumb/v7e-m+fp/hard/crti.o
                0x000000000800467c                _fini
 .fini          0x0000000008004680        0x8 c:/st/stm32cubeide_1.7.0/stm32cubeide/plugins/com.st.stm32cube.ide.mcu.externaltools.gnu-tools-for-stm32.9-2020-q2-update.win32_2.0.0.202105311346/tools/bin/../lib/gcc/arm-none-eabi/9.3.1/thumb/v7e-m+fp/hard/crtn.o
                0x0000000008004688                . = ALIGN (0x4)
                0x0000000008004688                _etext = .

.vfp11_veneer   0x0000000008004688        0x0
 .vfp11_veneer  0x0000000008004688        0x0 linker stubs

.v4_bx          0x0000000008004688        0x0
 .v4_bx         0x0000000008004688        0x0 linker stubs

.iplt           0x0000000008004688        0x0
 .iplt          0x0000000008004688        0x0 c:/st/stm32cubeide_1.7.0/stm32cubeide/plugins/com.st.stm32cube.ide.mcu.externaltools.gnu-tools-for-stm32.9-2020-q2-update.win32_2.0.0.202105311346/tools/bin/../lib/gcc/arm-none-eabi/9.3.1/thumb/v7e-m+fp/hard/crtbegin.o

.rodata         0x0000000008004688       0x20
                0x0000000008004688                . = ALIGN (0x4)
 *(.rodata)
 *(.rodata*)
 .rodata.AHBPrescTable
                0x0000000008004688       0x10 ./Core/Src/system_stm32f4xx.o
                0x0000000008004688                AHBPrescTable
 .rodata.APBPrescTable
                0x0000000008004698        0x8 ./Core/Src/system_stm32f4xx.o
                0x0000000008004698                APBPrescTable
 .rodata.flagBitshiftOffset.8472
                0x00000000080046a0        0x8 ./Drivers/STM32F4xx_HAL_Driver/Src/stm32f4xx_hal_dma.o
                0x00000000080046a8                . = ALIGN (0x4)

.ARM.extab      0x00000000080046a8        0x0
                0x00000000080046a8                . = ALIGN (0x4)
 *(.ARM.extab* .gnu.linkonce.armextab.*)
                0x00000000080046a8                . = ALIGN (0x4)

.ARM            0x00000000080046a8        0x8
                0x00000000080046a8                . = ALIGN (0x4)
                0x00000000080046a8                __exidx_start = .
 *(.ARM.exidx*)
 .ARM.exidx     0x00000000080046a8        0x8 c:/st/stm32cubeide_1.7.0/stm32cubeide/plugins/com.st.stm32cube.ide.mcu.externaltools.gnu-tools-for-stm32.9-2020-q2-update.win32_2.0.0.202105311346/tools/bin/../lib/gcc/arm-none-eabi/9.3.1/thumb/v7e-m+fp/hard\libgcc.a(_udivmoddi4.o)
                0x00000000080046b0                __exidx_end = .
                0x00000000080046b0                . = ALIGN (0x4)

.rel.dyn        0x00000000080046b0        0x0
 .rel.iplt      0x00000000080046b0        0x0 c:/st/stm32cubeide_1.7.0/stm32cubeide/plugins/com.st.stm32cube.ide.mcu.externaltools.gnu-tools-for-stm32.9-2020-q2-update.win32_2.0.0.202105311346/tools/bin/../lib/gcc/arm-none-eabi/9.3.1/thumb/v7e-m+fp/hard/crtbegin.o

.preinit_array  0x00000000080046b0        0x0
                0x00000000080046b0                . = ALIGN (0x4)
                0x00000000080046b0                PROVIDE (__preinit_array_start = .)
 *(.preinit_array*)
                0x00000000080046b0                PROVIDE (__preinit_array_end = .)
                0x00000000080046b0                . = ALIGN (0x4)

.init_array     0x00000000080046b0        0x4
                0x00000000080046b0                . = ALIGN (0x4)
                0x00000000080046b0                PROVIDE (__init_array_start = .)
 *(SORT_BY_NAME(.init_array.*))
 *(.init_array*)
 .init_array    0x00000000080046b0        0x4 c:/st/stm32cubeide_1.7.0/stm32cubeide/plugins/com.st.stm32cube.ide.mcu.externaltools.gnu-tools-for-stm32.9-2020-q2-update.win32_2.0.0.202105311346/tools/bin/../lib/gcc/arm-none-eabi/9.3.1/thumb/v7e-m+fp/hard/crtbegin.o
                0x00000000080046b4                PROVIDE (__init_array_end = .)
                0x00000000080046b4                . = ALIGN (0x4)

.fini_array     0x00000000080046b4        0x4
                0x00000000080046b4                . = ALIGN (0x4)
                [!provide]                        PROVIDE (__fini_array_start = .)
 *(SORT_BY_NAME(.fini_array.*))
 *(.fini_array*)
 .fini_array    0x00000000080046b4        0x4 c:/st/stm32cubeide_1.7.0/stm32cubeide/plugins/com.st.stm32cube.ide.mcu.externaltools.gnu-tools-for-stm32.9-2020-q2-update.win32_2.0.0.202105311346/tools/bin/../lib/gcc/arm-none-eabi/9.3.1/thumb/v7e-m+fp/hard/crtbegin.o
                [!provide]                        PROVIDE (__fini_array_end = .)
                0x00000000080046b8                . = ALIGN (0x4)
                0x00000000080046b8                _sidata = LOADADDR (.data)

.data           0x0000000020000000       0x40 load address 0x00000000080046b8
                0x0000000020000000                . = ALIGN (0x4)
                0x0000000020000000                _sdata = .
 *(.data)
 *(.data*)
 .data.pin_led  0x0000000020000000        0x4 ./Core/Src/hardware.o
                0x0000000020000000                pin_led
 .data.port_led
                0x0000000020000004        0x8 ./Core/Src/hardware.o
                0x0000000020000004                port_led
 .data.pin_brake_motor
                0x000000002000000c        0x4 ./Core/Src/motores.o
                0x000000002000000c                pin_brake_motor
 .data.pin_direction_motor
                0x0000000020000010        0x4 ./Core/Src/motores.o
                0x0000000020000010                pin_direction_motor
 .data.pin_disable_motor
                0x0000000020000014        0x4 ./Core/Src/motores.o
                0x0000000020000014                pin_disable_motor
 .data.pin_salida_motor
                0x0000000020000018        0x4 ./Core/Src/motores.o
                0x0000000020000018                pin_salida_motor
 .data.port_brake
                0x000000002000001c        0x4 ./Core/Src/motores.o
                0x000000002000001c                port_brake
 .data.port_direction
                0x0000000020000020        0x4 ./Core/Src/motores.o
                0x0000000020000020                port_direction
 .data.port_disable
                0x0000000020000024        0x4 ./Core/Src/motores.o
                0x0000000020000024                port_disable
 .data.pin_eco_delantero
                0x0000000020000028        0x6 ./Core/Src/sensores.o
                0x0000000020000028                pin_eco_delantero
 .data.pin_eco_trasero
                0x000000002000002e        0x4 ./Core/Src/sensores.o
                0x000000002000002e                pin_eco_trasero
 *fill*         0x0000000020000032        0x2 
 .data.SystemCoreClock
                0x0000000020000034        0x4 ./Core/Src/system_stm32f4xx.o
                0x0000000020000034                SystemCoreClock
 .data.uwTickFreq
                0x0000000020000038        0x1 ./Drivers/STM32F4xx_HAL_Driver/Src/stm32f4xx_hal.o
                0x0000000020000038                uwTickFreq
 *fill*         0x0000000020000039        0x3 
 .data.uwTickPrio
                0x000000002000003c        0x4 ./Drivers/STM32F4xx_HAL_Driver/Src/stm32f4xx_hal.o
                0x000000002000003c                uwTickPrio
 *(.RamFunc)
 *(.RamFunc*)
                0x0000000020000040                . = ALIGN (0x4)
                0x0000000020000040                _edata = .

.igot.plt       0x0000000020000040        0x0 load address 0x00000000080046f8
 .igot.plt      0x0000000020000040        0x0 c:/st/stm32cubeide_1.7.0/stm32cubeide/plugins/com.st.stm32cube.ide.mcu.externaltools.gnu-tools-for-stm32.9-2020-q2-update.win32_2.0.0.202105311346/tools/bin/../lib/gcc/arm-none-eabi/9.3.1/thumb/v7e-m+fp/hard/crtbegin.o
                0x0000000020000040                . = ALIGN (0x4)

.bss            0x0000000020000040      0x47c load address 0x00000000080046f8
                0x0000000020000040                _sbss = .
                0x0000000020000040                __bss_start__ = _sbss
 *(.bss)
 .bss           0x0000000020000040       0x1c c:/st/stm32cubeide_1.7.0/stm32cubeide/plugins/com.st.stm32cube.ide.mcu.externaltools.gnu-tools-for-stm32.9-2020-q2-update.win32_2.0.0.202105311346/tools/bin/../lib/gcc/arm-none-eabi/9.3.1/thumb/v7e-m+fp/hard/crtbegin.o
 *(.bss*)
 .bss.primera.8481
                0x000000002000005c        0x1 ./Core/Src/comunicaciones.o
 .bss.primero.8467
                0x000000002000005d        0x1 ./Core/Src/hardware.o
 .bss.inicio.8479
                0x000000002000005e        0x1 ./Core/Src/motores.o
 .bss.marcha.8493
                0x000000002000005f        0x2 ./Core/Src/motores.o
 .bss.dir.8467  0x0000000020000061        0x1 ./Core/Src/navegacion.o
 .bss.inicio.8463
                0x0000000020000062        0x1 ./Core/Src/navegacion.o
 *fill*         0x0000000020000063        0x1 
 .bss.eco_value.8597
                0x0000000020000064        0xa ./Core/Src/sensores.o
 *fill*         0x000000002000006e        0x2 
 .bss.hall_value.8596
                0x0000000020000070        0x8 ./Core/Src/sensores.o
 .bss.primero.8497
                0x0000000020000078        0x1 ./Core/Src/sensores.o
 .bss.state_eco.8595
                0x0000000020000079        0x5 ./Core/Src/sensores.o
 .bss.state_hall.8594
                0x000000002000007e        0x2 ./Core/Src/sensores.o
 .bss.state_movement.8527
                0x0000000020000080        0x1 ./Core/Src/sensores.o
 .bss.tam_eco.8535
                0x0000000020000081        0x5 ./Core/Src/sensores.o
 .bss.tam_hall.8569
                0x0000000020000086        0x2 ./Core/Src/sensores.o
 .bss.nsteps.8459
                0x0000000020000088        0x1 ./Core/Src/sonido.o
 .bss.primero.8457
                0x0000000020000089        0x1 ./Core/Src/sonido.o
 .bss.state.8458
                0x000000002000008a        0x1 ./Core/Src/sonido.o
 .bss.state.8470
                0x000000002000008b        0x1 ./Core/Src/sonido.o
 *(COMMON)
 COMMON         0x000000002000008c       0xe5 ./Core/Src/comunicaciones.o
                0x000000002000008c                pid
                0x00000000200000a4                tmotor
                0x00000000200000b4                com
                0x00000000200000e8                par
                0x00000000200000fc                state
                0x0000000020000104                vel
                0x0000000020000108                tick
                0x0000000020000130                hall
                0x0000000020000138                marchag
                0x000000002000013a                audio
                0x0000000020000140                sensor
                0x0000000020000168                hard
                0x000000002000016f                medida_nueva_hall
 *fill*         0x0000000020000171        0x3 
 COMMON         0x0000000020000174      0x264 ./Core/Src/main.o
                0x0000000020000174                htim8
                0x00000000200001bc                htim4
                0x0000000020000204                htim3
                0x000000002000024c                hdma_usart1_tx
                0x00000000200002ac                huart1
                0x00000000200002f0                hdac
                0x0000000020000304                htim2
                0x000000002000034c                huart2
                0x0000000020000390                htim12
 COMMON         0x00000000200003d8        0x4 ./Core/Src/motores.o
                0x00000000200003d8                mandog
 COMMON         0x00000000200003dc       0xd9 ./Core/Src/sensores.o
                0x00000000200003dc                hall_buffer
                0x0000000020000404                n_timer
                0x0000000020000405                pr_timer
                0x0000000020000406                frontal_eco
                0x000000002000040c                eco
                0x0000000020000416                eco_buffer
                0x0000000020000448                medida_nueva_eco
                0x000000002000044e                rear_eco
                0x0000000020000454                buftimer
                0x00000000200004b4                pw_timer
 *fill*         0x00000000200004b5        0x3 
 COMMON         0x00000000200004b8        0x4 ./Drivers/STM32F4xx_HAL_Driver/Src/stm32f4xx_hal.o
                0x00000000200004b8                uwTick
                0x00000000200004bc                . = ALIGN (0x4)
                0x00000000200004bc                _ebss = .
                0x00000000200004bc                __bss_end__ = _ebss

._user_heap_stack
                0x00000000200004bc      0x604 load address 0x00000000080046f8
                0x00000000200004c0                . = ALIGN (0x8)
 *fill*         0x00000000200004bc        0x4 
                [!provide]                        PROVIDE (end = .)
                0x00000000200004c0                PROVIDE (_end = .)
                0x00000000200006c0                . = (. + _Min_Heap_Size)
 *fill*         0x00000000200004c0      0x200 
                0x0000000020000ac0                . = (. + _Min_Stack_Size)
 *fill*         0x00000000200006c0      0x400 
                0x0000000020000ac0                . = ALIGN (0x8)

/DISCARD/
 libc.a(*)
 libm.a(*)
 libgcc.a(*)

.ARM.attributes
                0x0000000000000000       0x30
 *(.ARM.attributes)
 .ARM.attributes
                0x0000000000000000       0x1e c:/st/stm32cubeide_1.7.0/stm32cubeide/plugins/com.st.stm32cube.ide.mcu.externaltools.gnu-tools-for-stm32.9-2020-q2-update.win32_2.0.0.202105311346/tools/bin/../lib/gcc/arm-none-eabi/9.3.1/thumb/v7e-m+fp/hard/crti.o
 .ARM.attributes
                0x000000000000001e       0x34 c:/st/stm32cubeide_1.7.0/stm32cubeide/plugins/com.st.stm32cube.ide.mcu.externaltools.gnu-tools-for-stm32.9-2020-q2-update.win32_2.0.0.202105311346/tools/bin/../lib/gcc/arm-none-eabi/9.3.1/thumb/v7e-m+fp/hard/crtbegin.o
 .ARM.attributes
                0x0000000000000052       0x34 ./Core/Src/comunicaciones.o
 .ARM.attributes
                0x0000000000000086       0x34 ./Core/Src/hardware.o
 .ARM.attributes
                0x00000000000000ba       0x34 ./Core/Src/main.o
 .ARM.attributes
                0x00000000000000ee       0x34 ./Core/Src/motores.o
 .ARM.attributes
                0x0000000000000122       0x34 ./Core/Src/navegacion.o
 .ARM.attributes
                0x0000000000000156       0x34 ./Core/Src/sensores.o
 .ARM.attributes
                0x000000000000018a       0x34 ./Core/Src/sonido.o
 .ARM.attributes
                0x00000000000001be       0x34 ./Core/Src/stm32f4xx_hal_msp.o
 .ARM.attributes
                0x00000000000001f2       0x34 ./Core/Src/stm32f4xx_it.o
 .ARM.attributes
                0x0000000000000226       0x34 ./Core/Src/system_stm32f4xx.o
 .ARM.attributes
                0x000000000000025a       0x21 ./Core/Startup/startup_stm32f446retx.o
 .ARM.attributes
                0x000000000000027b       0x34 ./Drivers/STM32F4xx_HAL_Driver/Src/stm32f4xx_hal.o
 .ARM.attributes
                0x00000000000002af       0x34 ./Drivers/STM32F4xx_HAL_Driver/Src/stm32f4xx_hal_cortex.o
 .ARM.attributes
                0x00000000000002e3       0x34 ./Drivers/STM32F4xx_HAL_Driver/Src/stm32f4xx_hal_dac.o
 .ARM.attributes
                0x0000000000000317       0x34 ./Drivers/STM32F4xx_HAL_Driver/Src/stm32f4xx_hal_dma.o
 .ARM.attributes
                0x000000000000034b       0x34 ./Drivers/STM32F4xx_HAL_Driver/Src/stm32f4xx_hal_gpio.o
 .ARM.attributes
                0x000000000000037f       0x34 ./Drivers/STM32F4xx_HAL_Driver/Src/stm32f4xx_hal_rcc.o
 .ARM.attributes
                0x00000000000003b3       0x34 ./Drivers/STM32F4xx_HAL_Driver/Src/stm32f4xx_hal_rcc_ex.o
 .ARM.attributes
                0x00000000000003e7       0x34 ./Drivers/STM32F4xx_HAL_Driver/Src/stm32f4xx_hal_tim.o
 .ARM.attributes
                0x000000000000041b       0x34 ./Drivers/STM32F4xx_HAL_Driver/Src/stm32f4xx_hal_tim_ex.o
 .ARM.attributes
                0x000000000000044f       0x34 ./Drivers/STM32F4xx_HAL_Driver/Src/stm32f4xx_hal_uart.o
 .ARM.attributes
                0x0000000000000483       0x34 c:/st/stm32cubeide_1.7.0/stm32cubeide/plugins/com.st.stm32cube.ide.mcu.externaltools.gnu-tools-for-stm32.9-2020-q2-update.win32_2.0.0.202105311346/tools/bin/../lib/gcc/arm-none-eabi/9.3.1/../../../../arm-none-eabi/lib/thumb/v7e-m+fp/hard\libc_nano.a(lib_a-init.o)
 .ARM.attributes
                0x00000000000004b7       0x34 c:/st/stm32cubeide_1.7.0/stm32cubeide/plugins/com.st.stm32cube.ide.mcu.externaltools.gnu-tools-for-stm32.9-2020-q2-update.win32_2.0.0.202105311346/tools/bin/../lib/gcc/arm-none-eabi/9.3.1/../../../../arm-none-eabi/lib/thumb/v7e-m+fp/hard\libc_nano.a(lib_a-memset.o)
 .ARM.attributes
                0x00000000000004eb       0x1e c:/st/stm32cubeide_1.7.0/stm32cubeide/plugins/com.st.stm32cube.ide.mcu.externaltools.gnu-tools-for-stm32.9-2020-q2-update.win32_2.0.0.202105311346/tools/bin/../lib/gcc/arm-none-eabi/9.3.1/thumb/v7e-m+fp/hard\libgcc.a(_arm_addsubdf3.o)
 .ARM.attributes
                0x0000000000000509       0x1e c:/st/stm32cubeide_1.7.0/stm32cubeide/plugins/com.st.stm32cube.ide.mcu.externaltools.gnu-tools-for-stm32.9-2020-q2-update.win32_2.0.0.202105311346/tools/bin/../lib/gcc/arm-none-eabi/9.3.1/thumb/v7e-m+fp/hard\libgcc.a(_arm_muldivdf3.o)
 .ARM.attributes
                0x0000000000000527       0x1e c:/st/stm32cubeide_1.7.0/stm32cubeide/plugins/com.st.stm32cube.ide.mcu.externaltools.gnu-tools-for-stm32.9-2020-q2-update.win32_2.0.0.202105311346/tools/bin/../lib/gcc/arm-none-eabi/9.3.1/thumb/v7e-m+fp/hard\libgcc.a(_arm_truncdfsf2.o)
 .ARM.attributes
                0x0000000000000545       0x1e c:/st/stm32cubeide_1.7.0/stm32cubeide/plugins/com.st.stm32cube.ide.mcu.externaltools.gnu-tools-for-stm32.9-2020-q2-update.win32_2.0.0.202105311346/tools/bin/../lib/gcc/arm-none-eabi/9.3.1/thumb/v7e-m+fp/hard\libgcc.a(_aeabi_uldivmod.o)
 .ARM.attributes
                0x0000000000000563       0x34 c:/st/stm32cubeide_1.7.0/stm32cubeide/plugins/com.st.stm32cube.ide.mcu.externaltools.gnu-tools-for-stm32.9-2020-q2-update.win32_2.0.0.202105311346/tools/bin/../lib/gcc/arm-none-eabi/9.3.1/thumb/v7e-m+fp/hard\libgcc.a(_udivmoddi4.o)
 .ARM.attributes
                0x0000000000000597       0x1e c:/st/stm32cubeide_1.7.0/stm32cubeide/plugins/com.st.stm32cube.ide.mcu.externaltools.gnu-tools-for-stm32.9-2020-q2-update.win32_2.0.0.202105311346/tools/bin/../lib/gcc/arm-none-eabi/9.3.1/thumb/v7e-m+fp/hard\libgcc.a(_dvmd_tls.o)
 .ARM.attributes
                0x00000000000005b5       0x1e c:/st/stm32cubeide_1.7.0/stm32cubeide/plugins/com.st.stm32cube.ide.mcu.externaltools.gnu-tools-for-stm32.9-2020-q2-update.win32_2.0.0.202105311346/tools/bin/../lib/gcc/arm-none-eabi/9.3.1/thumb/v7e-m+fp/hard/crtn.o
OUTPUT(plataforma.elf elf32-littlearm)
LOAD linker stubs
LOAD c:/st/stm32cubeide_1.7.0/stm32cubeide/plugins/com.st.stm32cube.ide.mcu.externaltools.gnu-tools-for-stm32.9-2020-q2-update.win32_2.0.0.202105311346/tools/bin/../lib/gcc/arm-none-eabi/9.3.1/../../../../arm-none-eabi/lib/thumb/v7e-m+fp/hard\libc.a
LOAD c:/st/stm32cubeide_1.7.0/stm32cubeide/plugins/com.st.stm32cube.ide.mcu.externaltools.gnu-tools-for-stm32.9-2020-q2-update.win32_2.0.0.202105311346/tools/bin/../lib/gcc/arm-none-eabi/9.3.1/../../../../arm-none-eabi/lib/thumb/v7e-m+fp/hard\libm.a
LOAD c:/st/stm32cubeide_1.7.0/stm32cubeide/plugins/com.st.stm32cube.ide.mcu.externaltools.gnu-tools-for-stm32.9-2020-q2-update.win32_2.0.0.202105311346/tools/bin/../lib/gcc/arm-none-eabi/9.3.1/thumb/v7e-m+fp/hard\libgcc.a

.comment        0x0000000000000000       0x53
 .comment       0x0000000000000000       0x53 ./Core/Src/comunicaciones.o
                                         0x54 (size before relaxing)
 .comment       0x0000000000000053       0x54 ./Core/Src/hardware.o
 .comment       0x0000000000000053       0x54 ./Core/Src/main.o
 .comment       0x0000000000000053       0x54 ./Core/Src/motores.o
 .comment       0x0000000000000053       0x54 ./Core/Src/navegacion.o
 .comment       0x0000000000000053       0x54 ./Core/Src/sensores.o
 .comment       0x0000000000000053       0x54 ./Core/Src/sonido.o
 .comment       0x0000000000000053       0x54 ./Core/Src/stm32f4xx_hal_msp.o
 .comment       0x0000000000000053       0x54 ./Core/Src/stm32f4xx_it.o
 .comment       0x0000000000000053       0x54 ./Core/Src/system_stm32f4xx.o
 .comment       0x0000000000000053       0x54 ./Drivers/STM32F4xx_HAL_Driver/Src/stm32f4xx_hal.o
 .comment       0x0000000000000053       0x54 ./Drivers/STM32F4xx_HAL_Driver/Src/stm32f4xx_hal_cortex.o
 .comment       0x0000000000000053       0x54 ./Drivers/STM32F4xx_HAL_Driver/Src/stm32f4xx_hal_dac.o
 .comment       0x0000000000000053       0x54 ./Drivers/STM32F4xx_HAL_Driver/Src/stm32f4xx_hal_dma.o
 .comment       0x0000000000000053       0x54 ./Drivers/STM32F4xx_HAL_Driver/Src/stm32f4xx_hal_gpio.o
 .comment       0x0000000000000053       0x54 ./Drivers/STM32F4xx_HAL_Driver/Src/stm32f4xx_hal_rcc.o
 .comment       0x0000000000000053       0x54 ./Drivers/STM32F4xx_HAL_Driver/Src/stm32f4xx_hal_rcc_ex.o
 .comment       0x0000000000000053       0x54 ./Drivers/STM32F4xx_HAL_Driver/Src/stm32f4xx_hal_tim.o
 .comment       0x0000000000000053       0x54 ./Drivers/STM32F4xx_HAL_Driver/Src/stm32f4xx_hal_tim_ex.o
 .comment       0x0000000000000053       0x54 ./Drivers/STM32F4xx_HAL_Driver/Src/stm32f4xx_hal_uart.o

.debug_frame    0x0000000000000000      0x1cc
 .debug_frame   0x0000000000000000       0x2c c:/st/stm32cubeide_1.7.0/stm32cubeide/plugins/com.st.stm32cube.ide.mcu.externaltools.gnu-tools-for-stm32.9-2020-q2-update.win32_2.0.0.202105311346/tools/bin/../lib/gcc/arm-none-eabi/9.3.1/../../../../arm-none-eabi/lib/thumb/v7e-m+fp/hard\libc_nano.a(lib_a-init.o)
 .debug_frame   0x000000000000002c       0x20 c:/st/stm32cubeide_1.7.0/stm32cubeide/plugins/com.st.stm32cube.ide.mcu.externaltools.gnu-tools-for-stm32.9-2020-q2-update.win32_2.0.0.202105311346/tools/bin/../lib/gcc/arm-none-eabi/9.3.1/../../../../arm-none-eabi/lib/thumb/v7e-m+fp/hard\libc_nano.a(lib_a-memset.o)
 .debug_frame   0x000000000000004c       0xac c:/st/stm32cubeide_1.7.0/stm32cubeide/plugins/com.st.stm32cube.ide.mcu.externaltools.gnu-tools-for-stm32.9-2020-q2-update.win32_2.0.0.202105311346/tools/bin/../lib/gcc/arm-none-eabi/9.3.1/thumb/v7e-m+fp/hard\libgcc.a(_arm_addsubdf3.o)
 .debug_frame   0x00000000000000f8       0x50 c:/st/stm32cubeide_1.7.0/stm32cubeide/plugins/com.st.stm32cube.ide.mcu.externaltools.gnu-tools-for-stm32.9-2020-q2-update.win32_2.0.0.202105311346/tools/bin/../lib/gcc/arm-none-eabi/9.3.1/thumb/v7e-m+fp/hard\libgcc.a(_arm_muldivdf3.o)
 .debug_frame   0x0000000000000148       0x24 c:/st/stm32cubeide_1.7.0/stm32cubeide/plugins/com.st.stm32cube.ide.mcu.externaltools.gnu-tools-for-stm32.9-2020-q2-update.win32_2.0.0.202105311346/tools/bin/../lib/gcc/arm-none-eabi/9.3.1/thumb/v7e-m+fp/hard\libgcc.a(_arm_truncdfsf2.o)
 .debug_frame   0x000000000000016c       0x2c c:/st/stm32cubeide_1.7.0/stm32cubeide/plugins/com.st.stm32cube.ide.mcu.externaltools.gnu-tools-for-stm32.9-2020-q2-update.win32_2.0.0.202105311346/tools/bin/../lib/gcc/arm-none-eabi/9.3.1/thumb/v7e-m+fp/hard\libgcc.a(_aeabi_uldivmod.o)
 .debug_frame   0x0000000000000198       0x34 c:/st/stm32cubeide_1.7.0/stm32cubeide/plugins/com.st.stm32cube.ide.mcu.externaltools.gnu-tools-for-stm32.9-2020-q2-update.win32_2.0.0.202105311346/tools/bin/../lib/gcc/arm-none-eabi/9.3.1/thumb/v7e-m+fp/hard\libgcc.a(_udivmoddi4.o)
