Archive member included to satisfy reference by file (symbol)

c:/st/stm32cubeide_1.7.0/stm32cubeide/plugins/com.st.stm32cube.ide.mcu.externaltools.gnu-tools-for-stm32.9-2020-q2-update.win32_2.0.0.202105311346/tools/bin/../lib/gcc/arm-none-eabi/9.3.1/../../../../arm-none-eabi/lib/thumb/v7e-m+fp/hard\libc_nano.a(lib_a-errno.o)
                              ./Core/Src/syscalls.o (__errno)
c:/st/stm32cubeide_1.7.0/stm32cubeide/plugins/com.st.stm32cube.ide.mcu.externaltools.gnu-tools-for-stm32.9-2020-q2-update.win32_2.0.0.202105311346/tools/bin/../lib/gcc/arm-none-eabi/9.3.1/../../../../arm-none-eabi/lib/thumb/v7e-m+fp/hard\libc_nano.a(lib_a-exit.o)
                              c:/st/stm32cubeide_1.7.0/stm32cubeide/plugins/com.st.stm32cube.ide.mcu.externaltools.gnu-tools-for-stm32.9-2020-q2-update.win32_2.0.0.202105311346/tools/bin/../lib/gcc/arm-none-eabi/9.3.1/../../../../arm-none-eabi/lib/thumb/v7e-m+fp/hard/crt0.o (exit)
c:/st/stm32cubeide_1.7.0/stm32cubeide/plugins/com.st.stm32cube.ide.mcu.externaltools.gnu-tools-for-stm32.9-2020-q2-update.win32_2.0.0.202105311346/tools/bin/../lib/gcc/arm-none-eabi/9.3.1/../../../../arm-none-eabi/lib/thumb/v7e-m+fp/hard\libc_nano.a(lib_a-impure.o)
                              c:/st/stm32cubeide_1.7.0/stm32cubeide/plugins/com.st.stm32cube.ide.mcu.externaltools.gnu-tools-for-stm32.9-2020-q2-update.win32_2.0.0.202105311346/tools/bin/../lib/gcc/arm-none-eabi/9.3.1/../../../../arm-none-eabi/lib/thumb/v7e-m+fp/hard\libc_nano.a(lib_a-exit.o) (_global_impure_ptr)
c:/st/stm32cubeide_1.7.0/stm32cubeide/plugins/com.st.stm32cube.ide.mcu.externaltools.gnu-tools-for-stm32.9-2020-q2-update.win32_2.0.0.202105311346/tools/bin/../lib/gcc/arm-none-eabi/9.3.1/../../../../arm-none-eabi/lib/thumb/v7e-m+fp/hard\libc_nano.a(lib_a-init.o)
                              c:/st/stm32cubeide_1.7.0/stm32cubeide/plugins/com.st.stm32cube.ide.mcu.externaltools.gnu-tools-for-stm32.9-2020-q2-update.win32_2.0.0.202105311346/tools/bin/../lib/gcc/arm-none-eabi/9.3.1/../../../../arm-none-eabi/lib/thumb/v7e-m+fp/hard/crt0.o (__libc_init_array)
c:/st/stm32cubeide_1.7.0/stm32cubeide/plugins/com.st.stm32cube.ide.mcu.externaltools.gnu-tools-for-stm32.9-2020-q2-update.win32_2.0.0.202105311346/tools/bin/../lib/gcc/arm-none-eabi/9.3.1/../../../../arm-none-eabi/lib/thumb/v7e-m+fp/hard\libc_nano.a(lib_a-memset.o)
                              c:/st/stm32cubeide_1.7.0/stm32cubeide/plugins/com.st.stm32cube.ide.mcu.externaltools.gnu-tools-for-stm32.9-2020-q2-update.win32_2.0.0.202105311346/tools/bin/../lib/gcc/arm-none-eabi/9.3.1/../../../../arm-none-eabi/lib/thumb/v7e-m+fp/hard/crt0.o (memset)
c:/st/stm32cubeide_1.7.0/stm32cubeide/plugins/com.st.stm32cube.ide.mcu.externaltools.gnu-tools-for-stm32.9-2020-q2-update.win32_2.0.0.202105311346/tools/bin/../lib/gcc/arm-none-eabi/9.3.1/thumb/v7e-m+fp/hard\libgcc.a(_arm_muldf3.o)
                              ./Core/Src/motores.o (__aeabi_dmul)
c:/st/stm32cubeide_1.7.0/stm32cubeide/plugins/com.st.stm32cube.ide.mcu.externaltools.gnu-tools-for-stm32.9-2020-q2-update.win32_2.0.0.202105311346/tools/bin/../lib/gcc/arm-none-eabi/9.3.1/thumb/v7e-m+fp/hard\libgcc.a(_arm_addsubdf3.o)
                              ./Core/Src/motores.o (__aeabi_dadd)
c:/st/stm32cubeide_1.7.0/stm32cubeide/plugins/com.st.stm32cube.ide.mcu.externaltools.gnu-tools-for-stm32.9-2020-q2-update.win32_2.0.0.202105311346/tools/bin/../lib/gcc/arm-none-eabi/9.3.1/thumb/v7e-m+fp/hard\libgcc.a(_arm_muldivdf3.o)
                              ./Core/Src/sensores.o (__aeabi_ddiv)
c:/st/stm32cubeide_1.7.0/stm32cubeide/plugins/com.st.stm32cube.ide.mcu.externaltools.gnu-tools-for-stm32.9-2020-q2-update.win32_2.0.0.202105311346/tools/bin/../lib/gcc/arm-none-eabi/9.3.1/thumb/v7e-m+fp/hard\libgcc.a(_arm_fixdfsi.o)
                              ./Core/Src/motores.o (__aeabi_d2iz)
c:/st/stm32cubeide_1.7.0/stm32cubeide/plugins/com.st.stm32cube.ide.mcu.externaltools.gnu-tools-for-stm32.9-2020-q2-update.win32_2.0.0.202105311346/tools/bin/../lib/gcc/arm-none-eabi/9.3.1/thumb/v7e-m+fp/hard\libgcc.a(_arm_truncdfsf2.o)
                              ./Core/Src/sensores.o (__aeabi_d2f)
c:/st/stm32cubeide_1.7.0/stm32cubeide/plugins/com.st.stm32cube.ide.mcu.externaltools.gnu-tools-for-stm32.9-2020-q2-update.win32_2.0.0.202105311346/tools/bin/../lib/gcc/arm-none-eabi/9.3.1/thumb/v7e-m+fp/hard\libgcc.a(_aeabi_uldivmod.o)
                              ./Drivers/STM32F4xx_HAL_Driver/Src/stm32f4xx_hal_rcc.o (__aeabi_uldivmod)
c:/st/stm32cubeide_1.7.0/stm32cubeide/plugins/com.st.stm32cube.ide.mcu.externaltools.gnu-tools-for-stm32.9-2020-q2-update.win32_2.0.0.202105311346/tools/bin/../lib/gcc/arm-none-eabi/9.3.1/thumb/v7e-m+fp/hard\libgcc.a(_udivmoddi4.o)
                              c:/st/stm32cubeide_1.7.0/stm32cubeide/plugins/com.st.stm32cube.ide.mcu.externaltools.gnu-tools-for-stm32.9-2020-q2-update.win32_2.0.0.202105311346/tools/bin/../lib/gcc/arm-none-eabi/9.3.1/thumb/v7e-m+fp/hard\libgcc.a(_aeabi_uldivmod.o) (__udivmoddi4)
[...]
Memory Configuration

Name             Origin             Length             Attributes
RAM              0x0000000020000000 0x0000000000020000 xrw
FLASH            0x0000000008000000 0x0000000000080000 xr
*default*        0x0000000000000000 0xffffffffffffffff

Linker script and memory map

LOAD c:/st/stm32cubeide_1.7.0/stm32cubeide/plugins/com.st.stm32cube.ide.mcu.externaltools.gnu-tools-for-stm32.9-2020-q2-update.win32_2.0.0.202105311346/tools/bin/../lib/gcc/arm-none-eabi/9.3.1/thumb/v7e-m+fp/hard/crti.o
LOAD c:/st/stm32cubeide_1.7.0/stm32cubeide/plugins/com.st.stm32cube.ide.mcu.externaltools.gnu-tools-for-stm32.9-2020-q2-update.win32_2.0.0.202105311346/tools/bin/../lib/gcc/arm-none-eabi/9.3.1/thumb/v7e-m+fp/hard/crtbegin.o
LOAD c:/st/stm32cubeide_1.7.0/stm32cubeide/plugins/com.st.stm32cube.ide.mcu.externaltools.gnu-tools-for-stm32.9-2020-q2-update.win32_2.0.0.202105311346/tools/bin/../lib/gcc/arm-none-eabi/9.3.1/../../../../arm-none-eabi/lib/thumb/v7e-m+fp/hard/crt0.o
LOAD ./Core/Src/comunicaciones.o
LOAD ./Core/Src/hardware.o
LOAD ./Core/Src/main.o
LOAD ./Core/Src/motores.o
LOAD ./Core/Src/navegacion.o
LOAD ./Core/Src/sensores.o
LOAD ./Core/Src/sonido.o
LOAD ./Core/Src/stm32f4xx_hal_msp.o
LOAD ./Core/Src/stm32f4xx_it.o
LOAD ./Core/Src/syscalls.o
LOAD ./Core/Src/sysmem.o
LOAD ./Core/Src/system_stm32f4xx.o
LOAD ./Core/Startup/startup_stm32f446retx.o
LOAD ./Drivers/STM32F4xx_HAL_Driver/Src/stm32f4xx_hal.o
LOAD ./Drivers/STM32F4xx_HAL_Driver/Src/stm32f4xx_hal_cortex.o
LOAD ./Drivers/STM32F4xx_HAL_Driver/Src/stm32f4xx_hal_dac.o
LOAD ./Drivers/STM32F4xx_HAL_Driver/Src/stm32f4xx_hal_dac_ex.o
LOAD ./Drivers/STM32F4xx_HAL_Driver/Src/stm32f4xx_hal_dma.o
LOAD ./Drivers/STM32F4xx_HAL_Driver/Src/stm32f4xx_hal_dma_ex.o
LOAD ./Drivers/STM32F4xx_HAL_Driver/Src/stm32f4xx_hal_exti.o
LOAD ./Drivers/STM32F4xx_HAL_Driver/Src/stm32f4xx_hal_flash.o
LOAD ./Drivers/STM32F4xx_HAL_Driver/Src/stm32f4xx_hal_flash_ex.o
LOAD ./Drivers/STM32F4xx_HAL_Driver/Src/stm32f4xx_hal_flash_ramfunc.o
LOAD ./Drivers/STM32F4xx_HAL_Driver/Src/stm32f4xx_hal_gpio.o
LOAD ./Drivers/STM32F4xx_HAL_Driver/Src/stm32f4xx_hal_pwr.o
LOAD ./Drivers/STM32F4xx_HAL_Driver/Src/stm32f4xx_hal_pwr_ex.o
LOAD ./Drivers/STM32F4xx_HAL_Driver/Src/stm32f4xx_hal_rcc.o
LOAD ./Drivers/STM32F4xx_HAL_Driver/Src/stm32f4xx_hal_rcc_ex.o
LOAD ./Drivers/STM32F4xx_HAL_Driver/Src/stm32f4xx_hal_tim.o
LOAD ./Drivers/STM32F4xx_HAL_Driver/Src/stm32f4xx_hal_tim_ex.o
LOAD ./Drivers/STM32F4xx_HAL_Driver/Src/stm32f4xx_hal_uart.o
START GROUP
LOAD c:/st/stm32cubeide_1.7.0/stm32cubeide/plugins/com.st.stm32cube.ide.mcu.externaltools.gnu-tools-for-stm32.9-2020-q2-update.win32_2.0.0.202105311346/tools/bin/../lib/gcc/arm-none-eabi/9.3.1/../../../../arm-none-eabi/lib/thumb/v7e-m+fp/hard\libc_nano.a
LOAD c:/st/stm32cubeide_1.7.0/stm32cubeide/plugins/com.st.stm32cube.ide.mcu.externaltools.gnu-tools-for-stm32.9-2020-q2-update.win32_2.0.0.202105311346/tools/bin/../lib/gcc/arm-none-eabi/9.3.1/../../../../arm-none-eabi/lib/thumb/v7e-m+fp/hard\libm.a
END GROUP
START GROUP
LOAD c:/st/stm32cubeide_1.7.0/stm32cubeide/plugins/com.st.stm32cube.ide.mcu.externaltools.gnu-tools-for-stm32.9-2020-q2-update.win32_2.0.0.202105311346/tools/bin/../lib/gcc/arm-none-eabi/9.3.1/thumb/v7e-m+fp/hard\libgcc.a
LOAD c:/st/stm32cubeide_1.7.0/stm32cubeide/plugins/com.st.stm32cube.ide.mcu.externaltools.gnu-tools-for-stm32.9-2020-q2-update.win32_2.0.0.202105311346/tools/bin/../lib/gcc/arm-none-eabi/9.3.1/../../../../arm-none-eabi/lib/thumb/v7e-m+fp/hard\libc_nano.a
END GROUP
START GROUP
LOAD c:/st/stm32cubeide_1.7.0/stm32cubeide/plugins/com.st.stm32cube.ide.mcu.externaltools.gnu-tools-for-stm32.9-2020-q2-update.win32_2.0.0.202105311346/tools/bin/../lib/gcc/arm-none-eabi/9.3.1/thumb/v7e-m+fp/hard\libgcc.a
LOAD c:/st/stm32cubeide_1.7.0/stm32cubeide/plugins/com.st.stm32cube.ide.mcu.externaltools.gnu-tools-for-stm32.9-2020-q2-update.win32_2.0.0.202105311346/tools/bin/../lib/gcc/arm-none-eabi/9.3.1/../../../../arm-none-eabi/lib/thumb/v7e-m+fp/hard\libc_nano.a
LOAD c:/st/stm32cubeide_1.7.0/stm32cubeide/plugins/com.st.stm32cube.ide.mcu.externaltools.gnu-tools-for-stm32.9-2020-q2-update.win32_2.0.0.202105311346/tools/bin/../lib/gcc/arm-none-eabi/9.3.1/../../../../arm-none-eabi/lib/thumb/v7e-m+fp/hard\libnosys.a
END GROUP
START GROUP
LOAD c:/st/stm32cubeide_1.7.0/stm32cubeide/plugins/com.st.stm32cube.ide.mcu.externaltools.gnu-tools-for-stm32.9-2020-q2-update.win32_2.0.0.202105311346/tools/bin/../lib/gcc/arm-none-eabi/9.3.1/thumb/v7e-m+fp/hard\libgcc.a
LOAD c:/st/stm32cubeide_1.7.0/stm32cubeide/plugins/com.st.stm32cube.ide.mcu.externaltools.gnu-tools-for-stm32.9-2020-q2-update.win32_2.0.0.202105311346/tools/bin/../lib/gcc/arm-none-eabi/9.3.1/../../../../arm-none-eabi/lib/thumb/v7e-m+fp/hard\libc_nano.a
LOAD c:/st/stm32cubeide_1.7.0/stm32cubeide/plugins/com.st.stm32cube.ide.mcu.externaltools.gnu-tools-for-stm32.9-2020-q2-update.win32_2.0.0.202105311346/tools/bin/../lib/gcc/arm-none-eabi/9.3.1/../../../../arm-none-eabi/lib/thumb/v7e-m+fp/hard\libnosys.a
END GROUP
LOAD c:/st/stm32cubeide_1.7.0/stm32cubeide/plugins/com.st.stm32cube.ide.mcu.externaltools.gnu-tools-for-stm32.9-2020-q2-update.win32_2.0.0.202105311346/tools/bin/../lib/gcc/arm-none-eabi/9.3.1/thumb/v7e-m+fp/hard/crtend.o
LOAD c:/st/stm32cubeide_1.7.0/stm32cubeide/plugins/com.st.stm32cube.ide.mcu.externaltools.gnu-tools-for-stm32.9-2020-q2-update.win32_2.0.0.202105311346/tools/bin/../lib/gcc/arm-none-eabi/9.3.1/thumb/v7e-m+fp/hard/crtn.o
                0x0000000020020000                _estack = (ORIGIN (RAM) + LENGTH (RAM))
                0x0000000000000200                _Min_Heap_Size = 0x200
                0x0000000000000400                _Min_Stack_Size = 0x400

.isr_vector     0x0000000008000000      0x1c4
                0x0000000008000000                . = ALIGN (0x4)
 *(.isr_vector)
 .isr_vector    0x0000000008000000      0x1c4 ./Core/Startup/startup_stm32f446retx.o
                0x0000000008000000                g_pfnVectors
                0x00000000080001c4                . = ALIGN (0x4)

.text           0x00000000080001c8     0x7f8c
                0x00000000080001c8                . = ALIGN (0x4)
 *(.text)
 .text          0x00000000080001c8       0x40 c:/st/stm32cubeide_1.7.0/stm32cubeide/plugins/com.st.stm32cube.ide.mcu.externaltools.gnu-tools-for-stm32.9-2020-q2-update.win32_2.0.0.202105311346/tools/bin/../lib/gcc/arm-none-eabi/9.3.1/thumb/v7e-m+fp/hard/crtbegin.o
 .text          0x0000000008000208      0x378 c:/st/stm32cubeide_1.7.0/stm32cubeide/plugins/com.st.stm32cube.ide.mcu.externaltools.gnu-tools-for-stm32.9-2020-q2-update.win32_2.0.0.202105311346/tools/bin/../lib/gcc/arm-none-eabi/9.3.1/thumb/v7e-m+fp/hard\libgcc.a(_arm_addsubdf3.o)
                0x0000000008000208                __aeabi_drsub
                0x0000000008000210                __aeabi_dsub
                0x0000000008000210                __subdf3
                0x0000000008000214                __aeabi_dadd
                0x0000000008000214                __adddf3
                0x000000000800048c                __floatunsidf
                0x000000000800048c                __aeabi_ui2d
                0x00000000080004ac                __floatsidf
                0x00000000080004ac                __aeabi_i2d
                0x00000000080004d0                __aeabi_f2d
                0x00000000080004d0                __extendsfdf2
                0x0000000008000514                __floatundidf
                0x0000000008000514                __aeabi_ul2d
                0x0000000008000524                __floatdidf
                0x0000000008000524                __aeabi_l2d
 .text          0x0000000008000580      0x424 c:/st/stm32cubeide_1.7.0/stm32cubeide/plugins/com.st.stm32cube.ide.mcu.externaltools.gnu-tools-for-stm32.9-2020-q2-update.win32_2.0.0.202105311346/tools/bin/../lib/gcc/arm-none-eabi/9.3.1/thumb/v7e-m+fp/hard\libgcc.a(_arm_muldivdf3.o)
                0x0000000008000580                __aeabi_dmul
                0x0000000008000580                __muldf3
                0x00000000080007d4                __divdf3
                0x00000000080007d4                __aeabi_ddiv
 .text          0x00000000080009a4       0x50 c:/st/stm32cubeide_1.7.0/stm32cubeide/plugins/com.st.stm32cube.ide.mcu.externaltools.gnu-tools-for-stm32.9-2020-q2-update.win32_2.0.0.202105311346/tools/bin/../lib/gcc/arm-none-eabi/9.3.1/thumb/v7e-m+fp/hard\libgcc.a(_arm_fixdfsi.o)
                0x00000000080009a4                __aeabi_d2iz
                0x00000000080009a4                __fixdfsi
 .text          0x00000000080009f4       0xa0 c:/st/stm32cubeide_1.7.0/stm32cubeide/plugins/com.st.stm32cube.ide.mcu.externaltools.gnu-tools-for-stm32.9-2020-q2-update.win32_2.0.0.202105311346/tools/bin/../lib/gcc/arm-none-eabi/9.3.1/thumb/v7e-m+fp/hard\libgcc.a(_arm_truncdfsf2.o)
                0x00000000080009f4                __truncdfsf2
                0x00000000080009f4                __aeabi_d2f
 .text          0x0000000008000a94       0x30 c:/st/stm32cubeide_1.7.0/stm32cubeide/plugins/com.st.stm32cube.ide.mcu.externaltools.gnu-tools-for-stm32.9-2020-q2-update.win32_2.0.0.202105311346/tools/bin/../lib/gcc/arm-none-eabi/9.3.1/thumb/v7e-m+fp/hard\libgcc.a(_aeabi_uldivmod.o)
                0x0000000008000a94                __aeabi_uldivmod
 .text          0x0000000008000ac4      0x2c4 c:/st/stm32cubeide_1.7.0/stm32cubeide/plugins/com.st.stm32cube.ide.mcu.externaltools.gnu-tools-for-stm32.9-2020-q2-update.win32_2.0.0.202105311346/tools/bin/../lib/gcc/arm-none-eabi/9.3.1/thumb/v7e-m+fp/hard\libgcc.a(_udivmoddi4.o)
                0x0000000008000ac4                __udivmoddi4
 .text          0x0000000008000d88        0x4 c:/st/stm32cubeide_1.7.0/stm32cubeide/plugins/com.st.stm32cube.ide.mcu.externaltools.gnu-tools-for-stm32.9-2020-q2-update.win32_2.0.0.202105311346/tools/bin/../lib/gcc/arm-none-eabi/9.3.1/thumb/v7e-m+fp/hard\libgcc.a(_dvmd_tls.o)
                0x0000000008000d88                __aeabi_idiv0
                0x0000000008000d88                __aeabi_ldiv0
 *(.text*)
 .text.InicializaBuffersComunicaciones
                0x0000000008000d8c       0x44 ./Core/Src/comunicaciones.o
                0x0000000008000d8c                InicializaBuffersComunicaciones
 .text.GestorComunicaciones
                0x0000000008000dd0       0xd8 ./Core/Src/comunicaciones.o
                0x0000000008000dd0                GestorComunicaciones
 .text.TransmiteEvento
                0x0000000008000ea8      0x1a4 ./Core/Src/comunicaciones.o
                0x0000000008000ea8                TransmiteEvento
 .text.Bin2Ascii
                0x000000000800104c       0x6c ./Core/Src/comunicaciones.o
                0x000000000800104c                Bin2Ascii
 .text.LonCad   0x00000000080010b8       0x2e ./Core/Src/comunicaciones.o
                0x00000000080010b8                LonCad
 *fill*         0x00000000080010e6        0x2 
 .text.HAL_UART_RxCpltCallback
                0x00000000080010e8       0x2c ./Core/Src/comunicaciones.o
                0x00000000080010e8                HAL_UART_RxCpltCallback
 .text.HAL_UART_TxCpltCallback
                0x0000000008001114       0x74 ./Core/Src/comunicaciones.o
                0x0000000008001114                HAL_UART_TxCpltCallback
 .text.GestorInterfaz
                0x0000000008001188       0xa0 ./Core/Src/hardware.o
                0x0000000008001188                GestorInterfaz
 .text.ControlPulsador
                0x0000000008001228       0x70 ./Core/Src/hardware.o
                0x0000000008001228                ControlPulsador
 .text.ControlLeds
                0x0000000008001298      0x164 ./Core/Src/hardware.o
                0x0000000008001298                ControlLeds
 .text.ControlHabiliadorEco
                0x00000000080013fc       0x34 ./Core/Src/hardware.o
                0x00000000080013fc                ControlHabiliadorEco
 .text.main     0x0000000008001430       0xa8 ./Core/Src/main.o
                0x0000000008001430                main
 .text.SystemClock_Config
                0x00000000080014d8       0xdc ./Core/Src/main.o
                0x00000000080014d8                SystemClock_Config
 .text.MX_DAC_Init
                0x00000000080015b4       0x68 ./Core/Src/main.o
 .text.MX_TIM2_Init
                0x000000000800161c       0xf4 ./Core/Src/main.o
 .text.MX_TIM3_Init
                0x0000000008001710       0xec ./Core/Src/main.o
 .text.MX_TIM4_Init
                0x00000000080017fc      0x10c ./Core/Src/main.o
 .text.MX_TIM8_Init
                0x0000000008001908       0xc4 ./Core/Src/main.o
 .text.MX_TIM12_Init
                0x00000000080019cc       0xc8 ./Core/Src/main.o
 .text.MX_USART1_UART_Init
                0x0000000008001a94       0x54 ./Core/Src/main.o
 .text.MX_USART2_UART_Init
                0x0000000008001ae8       0x54 ./Core/Src/main.o
 .text.MX_USART3_UART_Init
                0x0000000008001b3c       0x54 ./Core/Src/main.o
 .text.MX_DMA_Init
                0x0000000008001b90       0x6c ./Core/Src/main.o
 .text.MX_GPIO_Init
                0x0000000008001bfc      0x12c ./Core/Src/main.o
 .text.HAL_IncTick
                0x0000000008001d28      0x148 ./Core/Src/main.o
                0x0000000008001d28                HAL_IncTick
 .text.InicializaVariables
                0x0000000008001e70       0x80 ./Core/Src/main.o
                0x0000000008001e70                InicializaVariables
 .text.GestorTareas
                0x0000000008001ef0       0x20 ./Core/Src/main.o
                0x0000000008001ef0                GestorTareas
 .text.Error_Handler
                0x0000000008001f10        0xa ./Core/Src/main.o
                0x0000000008001f10                Error_Handler
 *fill*         0x0000000008001f1a        0x2 
 .text.ActualizaVelocidad
                0x0000000008001f1c       0x68 ./Core/Src/motores.o
                0x0000000008001f1c                ActualizaVelocidad
 .text.GestorMotores
                0x0000000008001f84       0x3c ./Core/Src/motores.o
                0x0000000008001f84                GestorMotores
 .text.ResetPID
                0x0000000008001fc0       0x5c ./Core/Src/motores.o
                0x0000000008001fc0                ResetPID
 .text.Algoritmo_PID
                0x000000000800201c      0x17c ./Core/Src/motores.o
                0x000000000800201c                Algoritmo_PID
 .text.ControlMotores
                0x0000000008002198      0x4a0 ./Core/Src/motores.o
                0x0000000008002198                ControlMotores
 .text.Navegacion
                0x0000000008002638       0x50 ./Core/Src/navegacion.o
                0x0000000008002638                Navegacion
 .text.MaquinaEstados
                0x0000000008002688      0x354 ./Core/Src/navegacion.o
                0x0000000008002688                MaquinaEstados
 .text.ActualizaEstados
                0x00000000080029dc       0x58 ./Core/Src/navegacion.o
                0x00000000080029dc                ActualizaEstados
 *fill*         0x0000000008002a34        0x4 
 .text.GestorSensores
                0x0000000008002a38      0x150 ./Core/Src/sensores.o
                0x0000000008002a38                GestorSensores
 .text.DetectaObstaculo
                0x0000000008002b88       0xb4 ./Core/Src/sensores.o
                0x0000000008002b88                DetectaObstaculo
 .text.DetectaMovimiento
                0x0000000008002c3c       0xa0 ./Core/Src/sensores.o
                0x0000000008002c3c                DetectaMovimiento
 .text.WriteEcoValue
                0x0000000008002cdc       0xac ./Core/Src/sensores.o
                0x0000000008002cdc                WriteEcoValue
 .text.InicializaBufferUltrasonidos
                0x0000000008002d88       0x50 ./Core/Src/sensores.o
                0x0000000008002d88                InicializaBufferUltrasonidos
 .text.InicializaBuffers
                0x0000000008002dd8       0x30 ./Core/Src/sensores.o
                0x0000000008002dd8                InicializaBuffers
 .text.InicializaHallBuffer
                0x0000000008002e08       0x54 ./Core/Src/sensores.o
                0x0000000008002e08                InicializaHallBuffer
 .text.WriteHallValue
                0x0000000008002e5c       0xa8 ./Core/Src/sensores.o
                0x0000000008002e5c                WriteHallValue
 .text.MedianN  0x0000000008002f04      0x16c ./Core/Src/sensores.o
                0x0000000008002f04                MedianN
 .text.SensoresNivel0
                0x0000000008003070      0x2ac ./Core/Src/sensores.o
                0x0000000008003070                SensoresNivel0
 .text.HAL_TIM_IC_CaptureCallback
                0x000000000800331c      0x240 ./Core/Src/sensores.o
                0x000000000800331c                HAL_TIM_IC_CaptureCallback
 .text.GestorAudio
                0x000000000800355c       0x8c ./Core/Src/sonido.o
                0x000000000800355c                GestorAudio
 .text.Play     0x00000000080035e8       0x3c ./Core/Src/sonido.o
                0x00000000080035e8                Play
 .text.VolumeMP3
                0x0000000008003624       0x38 ./Core/Src/sonido.o
                0x0000000008003624                VolumeMP3
 .text.ResetMP3
                0x000000000800365c       0x34 ./Core/Src/sonido.o
                0x000000000800365c                ResetMP3
 .text.PreparaPaquete
                0x0000000008003690       0x74 ./Core/Src/sonido.o
                0x0000000008003690                PreparaPaquete
 .text.checksum
                0x0000000008003704       0x42 ./Core/Src/sonido.o
                0x0000000008003704                checksum
 *fill*         0x0000000008003746        0x2 
 .text.HAL_MspInit
                0x0000000008003748       0x50 ./Core/Src/stm32f4xx_hal_msp.o
                0x0000000008003748                HAL_MspInit
 .text.HAL_DAC_MspInit
                0x0000000008003798       0x88 ./Core/Src/stm32f4xx_hal_msp.o
                0x0000000008003798                HAL_DAC_MspInit
 .text.HAL_TIM_Base_MspInit
                0x0000000008003820      0x170 ./Core/Src/stm32f4xx_hal_msp.o
                0x0000000008003820                HAL_TIM_Base_MspInit
 .text.HAL_TIM_IC_MspInit
                0x0000000008003990       0xa0 ./Core/Src/stm32f4xx_hal_msp.o
                0x0000000008003990                HAL_TIM_IC_MspInit
 .text.HAL_TIM_MspPostInit
                0x0000000008003a30       0xc4 ./Core/Src/stm32f4xx_hal_msp.o
                0x0000000008003a30                HAL_TIM_MspPostInit
 .text.HAL_UART_MspInit
                0x0000000008003af4      0x290 ./Core/Src/stm32f4xx_hal_msp.o
                0x0000000008003af4                HAL_UART_MspInit
 .text.NMI_Handler
                0x0000000008003d84        0x6 ./Core/Src/stm32f4xx_it.o
                0x0000000008003d84                NMI_Handler
 .text.HardFault_Handler
                0x0000000008003d8a        0x6 ./Core/Src/stm32f4xx_it.o
                0x0000000008003d8a                HardFault_Handler
 .text.MemManage_Handler
                0x0000000008003d90        0x6 ./Core/Src/stm32f4xx_it.o
                0x0000000008003d90                MemManage_Handler
 .text.BusFault_Handler
                0x0000000008003d96        0x6 ./Core/Src/stm32f4xx_it.o
                0x0000000008003d96                BusFault_Handler
 .text.UsageFault_Handler
                0x0000000008003d9c        0x6 ./Core/Src/stm32f4xx_it.o
                0x0000000008003d9c                UsageFault_Handler
 .text.SVC_Handler
                0x0000000008003da2        0xe ./Core/Src/stm32f4xx_it.o
                0x0000000008003da2                SVC_Handler
 .text.DebugMon_Handler
                0x0000000008003db0        0xe ./Core/Src/stm32f4xx_it.o
                0x0000000008003db0                DebugMon_Handler
 .text.PendSV_Handler
                0x0000000008003dbe        0xe ./Core/Src/stm32f4xx_it.o
                0x0000000008003dbe                PendSV_Handler
 .text.SysTick_Handler
                0x0000000008003dcc        0xc ./Core/Src/stm32f4xx_it.o
                0x0000000008003dcc                SysTick_Handler
 .text.DMA1_Stream3_IRQHandler
                0x0000000008003dd8       0x14 ./Core/Src/stm32f4xx_it.o
                0x0000000008003dd8                DMA1_Stream3_IRQHandler
 .text.TIM2_IRQHandler
                0x0000000008003dec       0x14 ./Core/Src/stm32f4xx_it.o
                0x0000000008003dec                TIM2_IRQHandler
 .text.TIM4_IRQHandler
                0x0000000008003e00       0x14 ./Core/Src/stm32f4xx_it.o
                0x0000000008003e00                TIM4_IRQHandler
 .text.USART1_IRQHandler
                0x0000000008003e14       0x14 ./Core/Src/stm32f4xx_it.o
                0x0000000008003e14                USART1_IRQHandler
 .text.USART3_IRQHandler
                0x0000000008003e28       0x14 ./Core/Src/stm32f4xx_it.o
                0x0000000008003e28                USART3_IRQHandler
 .text.TIM8_CC_IRQHandler
                0x0000000008003e3c       0x14 ./Core/Src/stm32f4xx_it.o
                0x0000000008003e3c                TIM8_CC_IRQHandler
 .text.DMA2_Stream7_IRQHandler
                0x0000000008003e50       0x14 ./Core/Src/stm32f4xx_it.o
                0x0000000008003e50                DMA2_Stream7_IRQHandler
 .text.SystemInit
                0x0000000008003e64       0x24 ./Core/Src/system_stm32f4xx.o
                0x0000000008003e64                SystemInit
 .text.Reset_Handler
                0x0000000008003e88       0x50 ./Core/Startup/startup_stm32f446retx.o
                0x0000000008003e88                Reset_Handler
 .text.Default_Handler
                0x0000000008003ed8        0x2 ./Core/Startup/startup_stm32f446retx.o
                0x0000000008003ed8                RTC_Alarm_IRQHandler
                0x0000000008003ed8                EXTI2_IRQHandler
                0x0000000008003ed8                FMPI2C1_EV_IRQHandler
                0x0000000008003ed8                SPI4_IRQHandler
                0x0000000008003ed8                TIM1_CC_IRQHandler
                0x0000000008003ed8                DMA2_Stream5_IRQHandler
                0x0000000008003ed8                DMA1_Stream5_IRQHandler
                0x0000000008003ed8                PVD_IRQHandler
                0x0000000008003ed8                SDIO_IRQHandler
                0x0000000008003ed8                TAMP_STAMP_IRQHandler
                0x0000000008003ed8                CAN2_RX1_IRQHandler
                0x0000000008003ed8                EXTI3_IRQHandler
                0x0000000008003ed8                TIM8_TRG_COM_TIM14_IRQHandler
                0x0000000008003ed8                TIM1_UP_TIM10_IRQHandler
                0x0000000008003ed8                TIM8_UP_TIM13_IRQHandler
                0x0000000008003ed8                I2C3_ER_IRQHandler
                0x0000000008003ed8                EXTI0_IRQHandler
                0x0000000008003ed8                I2C2_EV_IRQHandler
                0x0000000008003ed8                DMA1_Stream2_IRQHandler
                0x0000000008003ed8                CAN1_RX0_IRQHandler
                0x0000000008003ed8                FPU_IRQHandler
                0x0000000008003ed8                OTG_HS_WKUP_IRQHandler
                0x0000000008003ed8                CAN2_SCE_IRQHandler
                0x0000000008003ed8                DMA2_Stream2_IRQHandler
                0x0000000008003ed8                SPI1_IRQHandler
                0x0000000008003ed8                TIM6_DAC_IRQHandler
                0x0000000008003ed8                TIM1_BRK_TIM9_IRQHandler
                0x0000000008003ed8                DCMI_IRQHandler
                0x0000000008003ed8                CAN2_RX0_IRQHandler
                0x0000000008003ed8                DMA2_Stream3_IRQHandler
                0x0000000008003ed8                SAI2_IRQHandler
                0x0000000008003ed8                USART6_IRQHandler
                0x0000000008003ed8                CAN1_RX1_IRQHandler
                0x0000000008003ed8                UART5_IRQHandler
                0x0000000008003ed8                DMA2_Stream0_IRQHandler
                0x0000000008003ed8                QUADSPI_IRQHandler
                0x0000000008003ed8                I2C1_EV_IRQHandler
                0x0000000008003ed8                DMA1_Stream6_IRQHandler
                0x0000000008003ed8                DMA1_Stream1_IRQHandler
                0x0000000008003ed8                UART4_IRQHandler
                0x0000000008003ed8                TIM3_IRQHandler
                0x0000000008003ed8                RCC_IRQHandler
                0x0000000008003ed8                TIM8_BRK_TIM12_IRQHandler
                0x0000000008003ed8                Default_Handler
                0x0000000008003ed8                CEC_IRQHandler
                0x0000000008003ed8                EXTI15_10_IRQHandler
                0x0000000008003ed8                ADC_IRQHandler
                0x0000000008003ed8                DMA1_Stream7_IRQHandler
                0x0000000008003ed8                TIM7_IRQHandler
                0x0000000008003ed8                CAN2_TX_IRQHandler
                0x0000000008003ed8                TIM5_IRQHandler
                0x0000000008003ed8                I2C3_EV_IRQHandler
                0x0000000008003ed8                EXTI9_5_IRQHandler
                0x0000000008003ed8                RTC_WKUP_IRQHandler
                0x0000000008003ed8                SPDIF_RX_IRQHandler
                0x0000000008003ed8                SPI2_IRQHandler
                0x0000000008003ed8                OTG_HS_EP1_IN_IRQHandler
                0x0000000008003ed8                DMA1_Stream0_IRQHandler
                0x0000000008003ed8                CAN1_TX_IRQHandler
                0x0000000008003ed8                FMPI2C1_ER_IRQHandler
                0x0000000008003ed8                EXTI4_IRQHandler
                0x0000000008003ed8                OTG_HS_EP1_OUT_IRQHandler
                0x0000000008003ed8                WWDG_IRQHandler
                0x0000000008003ed8                OTG_FS_WKUP_IRQHandler
                0x0000000008003ed8                TIM1_TRG_COM_TIM11_IRQHandler
                0x0000000008003ed8                OTG_HS_IRQHandler
                0x0000000008003ed8                EXTI1_IRQHandler
                0x0000000008003ed8                USART2_IRQHandler
                0x0000000008003ed8                I2C2_ER_IRQHandler
                0x0000000008003ed8                DMA2_Stream1_IRQHandler
                0x0000000008003ed8                CAN1_SCE_IRQHandler
                0x0000000008003ed8                FLASH_IRQHandler
                0x0000000008003ed8                DMA2_Stream4_IRQHandler
                0x0000000008003ed8                OTG_FS_IRQHandler
                0x0000000008003ed8                SPI3_IRQHandler
                0x0000000008003ed8                DMA1_Stream4_IRQHandler
                0x0000000008003ed8                I2C1_ER_IRQHandler
                0x0000000008003ed8                FMC_IRQHandler
                0x0000000008003ed8                DMA2_Stream6_IRQHandler
                0x0000000008003ed8                SAI1_IRQHandler
 *fill*         0x0000000008003eda        0x2 
 .text.HAL_Init
                0x0000000008003edc       0x44 ./Drivers/STM32F4xx_HAL_Driver/Src/stm32f4xx_hal.o
                0x0000000008003edc                HAL_Init
 .text.HAL_InitTick
                0x0000000008003f20       0x60 ./Drivers/STM32F4xx_HAL_Driver/Src/stm32f4xx_hal.o
                0x0000000008003f20                HAL_InitTick
 .text.HAL_GetTick
                0x0000000008003f80       0x18 ./Drivers/STM32F4xx_HAL_Driver/Src/stm32f4xx_hal.o
                0x0000000008003f80                HAL_GetTick
 .text.__NVIC_SetPriorityGrouping
                0x0000000008003f98       0x48 ./Drivers/STM32F4xx_HAL_Driver/Src/stm32f4xx_hal_cortex.o
 .text.__NVIC_GetPriorityGrouping
                0x0000000008003fe0       0x1c ./Drivers/STM32F4xx_HAL_Driver/Src/stm32f4xx_hal_cortex.o
 .text.__NVIC_EnableIRQ
                0x0000000008003ffc       0x3c ./Drivers/STM32F4xx_HAL_Driver/Src/stm32f4xx_hal_cortex.o
 .text.__NVIC_SetPriority
                0x0000000008004038       0x54 ./Drivers/STM32F4xx_HAL_Driver/Src/stm32f4xx_hal_cortex.o
 .text.NVIC_EncodePriority
                0x000000000800408c       0x66 ./Drivers/STM32F4xx_HAL_Driver/Src/stm32f4xx_hal_cortex.o
 *fill*         0x00000000080040f2        0x2 
 .text.SysTick_Config
                0x00000000080040f4       0x44 ./Drivers/STM32F4xx_HAL_Driver/Src/stm32f4xx_hal_cortex.o
 .text.HAL_NVIC_SetPriorityGrouping
                0x0000000008004138       0x16 ./Drivers/STM32F4xx_HAL_Driver/Src/stm32f4xx_hal_cortex.o
                0x0000000008004138                HAL_NVIC_SetPriorityGrouping
 .text.HAL_NVIC_SetPriority
                0x000000000800414e       0x38 ./Drivers/STM32F4xx_HAL_Driver/Src/stm32f4xx_hal_cortex.o
                0x000000000800414e                HAL_NVIC_SetPriority
 .text.HAL_NVIC_EnableIRQ
                0x0000000008004186       0x1c ./Drivers/STM32F4xx_HAL_Driver/Src/stm32f4xx_hal_cortex.o
                0x0000000008004186                HAL_NVIC_EnableIRQ
 .text.HAL_SYSTICK_Config
                0x00000000080041a2       0x18 ./Drivers/STM32F4xx_HAL_Driver/Src/stm32f4xx_hal_cortex.o
                0x00000000080041a2                HAL_SYSTICK_Config
 .text.HAL_DAC_Init
                0x00000000080041ba       0x44 ./Drivers/STM32F4xx_HAL_Driver/Src/stm32f4xx_hal_dac.o
                0x00000000080041ba                HAL_DAC_Init
 .text.HAL_DAC_Start
                0x00000000080041fe       0xa4 ./Drivers/STM32F4xx_HAL_Driver/Src/stm32f4xx_hal_dac.o
                0x00000000080041fe                HAL_DAC_Start
 .text.HAL_DAC_SetValue
                0x00000000080042a2       0x4a ./Drivers/STM32F4xx_HAL_Driver/Src/stm32f4xx_hal_dac.o
                0x00000000080042a2                HAL_DAC_SetValue
 .text.HAL_DAC_ConfigChannel
                0x00000000080042ec       0x9e ./Drivers/STM32F4xx_HAL_Driver/Src/stm32f4xx_hal_dac.o
                0x00000000080042ec                HAL_DAC_ConfigChannel
 *fill*         0x000000000800438a        0x2 
 .text.HAL_DMA_Init
                0x000000000800438c      0x15c ./Drivers/STM32F4xx_HAL_Driver/Src/stm32f4xx_hal_dma.o
                0x000000000800438c                HAL_DMA_Init
 .text.HAL_DMA_Start_IT
                0x00000000080044e8       0xb0 ./Drivers/STM32F4xx_HAL_Driver/Src/stm32f4xx_hal_dma.o
                0x00000000080044e8                HAL_DMA_Start_IT
 .text.HAL_DMA_Abort
                0x0000000008004598       0xe0 ./Drivers/STM32F4xx_HAL_Driver/Src/stm32f4xx_hal_dma.o
                0x0000000008004598                HAL_DMA_Abort
 .text.HAL_DMA_Abort_IT
                0x0000000008004678       0x44 ./Drivers/STM32F4xx_HAL_Driver/Src/stm32f4xx_hal_dma.o
                0x0000000008004678                HAL_DMA_Abort_IT
 .text.HAL_DMA_IRQHandler
                0x00000000080046bc      0x314 ./Drivers/STM32F4xx_HAL_Driver/Src/stm32f4xx_hal_dma.o
                0x00000000080046bc                HAL_DMA_IRQHandler
 .text.DMA_SetConfig
                0x00000000080049d0       0x5c ./Drivers/STM32F4xx_HAL_Driver/Src/stm32f4xx_hal_dma.o
 .text.DMA_CalcBaseAndBitshift
                0x0000000008004a2c       0x6c ./Drivers/STM32F4xx_HAL_Driver/Src/stm32f4xx_hal_dma.o
 .text.DMA_CheckFifoParam
                0x0000000008004a98       0xf8 ./Drivers/STM32F4xx_HAL_Driver/Src/stm32f4xx_hal_dma.o
 .text.HAL_GPIO_Init
                0x0000000008004b90      0x328 ./Drivers/STM32F4xx_HAL_Driver/Src/stm32f4xx_hal_gpio.o
                0x0000000008004b90                HAL_GPIO_Init
 .text.HAL_GPIO_ReadPin
                0x0000000008004eb8       0x30 ./Drivers/STM32F4xx_HAL_Driver/Src/stm32f4xx_hal_gpio.o
                0x0000000008004eb8                HAL_GPIO_ReadPin
 .text.HAL_GPIO_WritePin
                0x0000000008004ee8       0x32 ./Drivers/STM32F4xx_HAL_Driver/Src/stm32f4xx_hal_gpio.o
                0x0000000008004ee8                HAL_GPIO_WritePin
 .text.HAL_GPIO_TogglePin
                0x0000000008004f1a       0x34 ./Drivers/STM32F4xx_HAL_Driver/Src/stm32f4xx_hal_gpio.o
                0x0000000008004f1a                HAL_GPIO_TogglePin
 *fill*         0x0000000008004f4e        0x2 
 .text.HAL_RCC_ClockConfig
                0x0000000008004f50      0x1cc ./Drivers/STM32F4xx_HAL_Driver/Src/stm32f4xx_hal_rcc.o
                0x0000000008004f50                HAL_RCC_ClockConfig
 .text.HAL_RCC_GetHCLKFreq
                0x000000000800511c       0x18 ./Drivers/STM32F4xx_HAL_Driver/Src/stm32f4xx_hal_rcc.o
                0x000000000800511c                HAL_RCC_GetHCLKFreq
 .text.HAL_RCC_GetPCLK1Freq
                0x0000000008005134       0x28 ./Drivers/STM32F4xx_HAL_Driver/Src/stm32f4xx_hal_rcc.o
                0x0000000008005134                HAL_RCC_GetPCLK1Freq
 .text.HAL_RCC_GetPCLK2Freq
                0x000000000800515c       0x28 ./Drivers/STM32F4xx_HAL_Driver/Src/stm32f4xx_hal_rcc.o
                0x000000000800515c                HAL_RCC_GetPCLK2Freq
 .text.HAL_RCC_GetSysClockFreq
                0x0000000008005184      0x364 ./Drivers/STM32F4xx_HAL_Driver/Src/stm32f4xx_hal_rcc_ex.o
                0x0000000008005184                HAL_RCC_GetSysClockFreq
 .text.HAL_RCC_OscConfig
                0x00000000080054e8      0x53c ./Drivers/STM32F4xx_HAL_Driver/Src/stm32f4xx_hal_rcc_ex.o
                0x00000000080054e8                HAL_RCC_OscConfig
 .text.HAL_TIM_Base_Init
                0x0000000008005a24       0x9e ./Drivers/STM32F4xx_HAL_Driver/Src/stm32f4xx_hal_tim.o
                0x0000000008005a24                HAL_TIM_Base_Init
 .text.HAL_TIM_PWM_Init
                0x0000000008005ac2       0x9e ./Drivers/STM32F4xx_HAL_Driver/Src/stm32f4xx_hal_tim.o
                0x0000000008005ac2                HAL_TIM_PWM_Init
 .text.HAL_TIM_PWM_MspInit
                0x0000000008005b60       0x14 ./Drivers/STM32F4xx_HAL_Driver/Src/stm32f4xx_hal_tim.o
                0x0000000008005b60                HAL_TIM_PWM_MspInit
 .text.HAL_TIM_PWM_Start
                0x0000000008005b74      0x190 ./Drivers/STM32F4xx_HAL_Driver/Src/stm32f4xx_hal_tim.o
                0x0000000008005b74                HAL_TIM_PWM_Start
 .text.HAL_TIM_IC_Init
                0x0000000008005d04       0x9e ./Drivers/STM32F4xx_HAL_Driver/Src/stm32f4xx_hal_tim.o
                0x0000000008005d04                HAL_TIM_IC_Init
 *fill*         0x0000000008005da2        0x2 
 .text.HAL_TIM_IC_Start_IT
                0x0000000008005da4      0x250 ./Drivers/STM32F4xx_HAL_Driver/Src/stm32f4xx_hal_tim.o
                0x0000000008005da4                HAL_TIM_IC_Start_IT
 .text.HAL_TIM_IRQHandler
                0x0000000008005ff4      0x210 ./Drivers/STM32F4xx_HAL_Driver/Src/stm32f4xx_hal_tim.o
                0x0000000008005ff4                HAL_TIM_IRQHandler
 .text.HAL_TIM_IC_ConfigChannel
                0x0000000008006204      0x138 ./Drivers/STM32F4xx_HAL_Driver/Src/stm32f4xx_hal_tim.o
                0x0000000008006204                HAL_TIM_IC_ConfigChannel
 .text.HAL_TIM_PWM_ConfigChannel
                0x000000000800633c      0x184 ./Drivers/STM32F4xx_HAL_Driver/Src/stm32f4xx_hal_tim.o
                0x000000000800633c                HAL_TIM_PWM_ConfigChannel
 .text.HAL_TIM_ConfigClockSource
                0x00000000080064c0      0x18e ./Drivers/STM32F4xx_HAL_Driver/Src/stm32f4xx_hal_tim.o
                0x00000000080064c0                HAL_TIM_ConfigClockSource
 *fill*         0x000000000800664e        0x2 
 .text.HAL_TIM_ReadCapturedValue
                0x0000000008006650       0x88 ./Drivers/STM32F4xx_HAL_Driver/Src/stm32f4xx_hal_tim.o
                0x0000000008006650                HAL_TIM_ReadCapturedValue
 .text.HAL_TIM_PeriodElapsedCallback
                0x00000000080066d8       0x14 ./Drivers/STM32F4xx_HAL_Driver/Src/stm32f4xx_hal_tim.o
                0x00000000080066d8                HAL_TIM_PeriodElapsedCallback
 .text.HAL_TIM_OC_DelayElapsedCallback
                0x00000000080066ec       0x14 ./Drivers/STM32F4xx_HAL_Driver/Src/stm32f4xx_hal_tim.o
                0x00000000080066ec                HAL_TIM_OC_DelayElapsedCallback
 .text.HAL_TIM_PWM_PulseFinishedCallback
                0x0000000008006700       0x14 ./Drivers/STM32F4xx_HAL_Driver/Src/stm32f4xx_hal_tim.o
                0x0000000008006700                HAL_TIM_PWM_PulseFinishedCallback
 .text.HAL_TIM_TriggerCallback
                0x0000000008006714       0x14 ./Drivers/STM32F4xx_HAL_Driver/Src/stm32f4xx_hal_tim.o
                0x0000000008006714                HAL_TIM_TriggerCallback
 .text.TIM_Base_SetConfig
                0x0000000008006728      0x140 ./Drivers/STM32F4xx_HAL_Driver/Src/stm32f4xx_hal_tim.o
                0x0000000008006728                TIM_Base_SetConfig
 .text.TIM_OC1_SetConfig
                0x0000000008006868       0xe0 ./Drivers/STM32F4xx_HAL_Driver/Src/stm32f4xx_hal_tim.o
 .text.TIM_OC2_SetConfig
                0x0000000008006948       0xec ./Drivers/STM32F4xx_HAL_Driver/Src/stm32f4xx_hal_tim.o
                0x0000000008006948                TIM_OC2_SetConfig
 .text.TIM_OC3_SetConfig
                0x0000000008006a34       0xe8 ./Drivers/STM32F4xx_HAL_Driver/Src/stm32f4xx_hal_tim.o
 .text.TIM_OC4_SetConfig
                0x0000000008006b1c       0xac ./Drivers/STM32F4xx_HAL_Driver/Src/stm32f4xx_hal_tim.o
 .text.TIM_TI1_SetConfig
                0x0000000008006bc8       0xe8 ./Drivers/STM32F4xx_HAL_Driver/Src/stm32f4xx_hal_tim.o
                0x0000000008006bc8                TIM_TI1_SetConfig
 .text.TIM_TI1_ConfigInputStage
                0x0000000008006cb0       0x5e ./Drivers/STM32F4xx_HAL_Driver/Src/stm32f4xx_hal_tim.o
 .text.TIM_TI2_SetConfig
                0x0000000008006d0e       0x7a ./Drivers/STM32F4xx_HAL_Driver/Src/stm32f4xx_hal_tim.o
 .text.TIM_TI2_ConfigInputStage
                0x0000000008006d88       0x60 ./Drivers/STM32F4xx_HAL_Driver/Src/stm32f4xx_hal_tim.o
 .text.TIM_TI3_SetConfig
                0x0000000008006de8       0x78 ./Drivers/STM32F4xx_HAL_Driver/Src/stm32f4xx_hal_tim.o
 .text.TIM_TI4_SetConfig
                0x0000000008006e60       0x7a ./Drivers/STM32F4xx_HAL_Driver/Src/stm32f4xx_hal_tim.o
 .text.TIM_ITRx_SetConfig
                0x0000000008006eda       0x36 ./Drivers/STM32F4xx_HAL_Driver/Src/stm32f4xx_hal_tim.o
 .text.TIM_ETR_SetConfig
                0x0000000008006f10       0x40 ./Drivers/STM32F4xx_HAL_Driver/Src/stm32f4xx_hal_tim.o
                0x0000000008006f10                TIM_ETR_SetConfig
 .text.TIM_CCxChannelCmd
                0x0000000008006f50       0x4a ./Drivers/STM32F4xx_HAL_Driver/Src/stm32f4xx_hal_tim.o
                0x0000000008006f50                TIM_CCxChannelCmd
 *fill*         0x0000000008006f9a        0x2 
 .text.HAL_TIMEx_MasterConfigSynchronization
                0x0000000008006f9c       0xf8 ./Drivers/STM32F4xx_HAL_Driver/Src/stm32f4xx_hal_tim_ex.o
                0x0000000008006f9c                HAL_TIMEx_MasterConfigSynchronization
 .text.HAL_TIMEx_CommutCallback
                0x0000000008007094       0x14 ./Drivers/STM32F4xx_HAL_Driver/Src/stm32f4xx_hal_tim_ex.o
                0x0000000008007094                HAL_TIMEx_CommutCallback
 .text.HAL_TIMEx_BreakCallback
                0x00000000080070a8       0x14 ./Drivers/STM32F4xx_HAL_Driver/Src/stm32f4xx_hal_tim_ex.o
                0x00000000080070a8                HAL_TIMEx_BreakCallback
 .text.HAL_UART_Init
                0x00000000080070bc       0x9a ./Drivers/STM32F4xx_HAL_Driver/Src/stm32f4xx_hal_uart.o
                0x00000000080070bc                HAL_UART_Init
 .text.HAL_UART_Receive_IT
                0x0000000008007156       0x60 ./Drivers/STM32F4xx_HAL_Driver/Src/stm32f4xx_hal_uart.o
                0x0000000008007156                HAL_UART_Receive_IT
 *fill*         0x00000000080071b6        0x2 
 .text.HAL_UART_Transmit_DMA
                0x00000000080071b8       0xfc ./Drivers/STM32F4xx_HAL_Driver/Src/stm32f4xx_hal_uart.o
                0x00000000080071b8                HAL_UART_Transmit_DMA
 .text.HAL_UART_IRQHandler
                0x00000000080072b4      0x51c ./Drivers/STM32F4xx_HAL_Driver/Src/stm32f4xx_hal_uart.o
                0x00000000080072b4                HAL_UART_IRQHandler
 .text.HAL_UART_TxHalfCpltCallback
                0x00000000080077d0       0x14 ./Drivers/STM32F4xx_HAL_Driver/Src/stm32f4xx_hal_uart.o
                0x00000000080077d0                HAL_UART_TxHalfCpltCallback
 .text.HAL_UART_ErrorCallback
                0x00000000080077e4       0x14 ./Drivers/STM32F4xx_HAL_Driver/Src/stm32f4xx_hal_uart.o
                0x00000000080077e4                HAL_UART_ErrorCallback
 .text.HAL_UARTEx_RxEventCallback
                0x00000000080077f8       0x18 ./Drivers/STM32F4xx_HAL_Driver/Src/stm32f4xx_hal_uart.o
                0x00000000080077f8                HAL_UARTEx_RxEventCallback
 .text.UART_DMATransmitCplt
                0x0000000008007810       0x9a ./Drivers/STM32F4xx_HAL_Driver/Src/stm32f4xx_hal_uart.o
 .text.UART_DMATxHalfCplt
                0x00000000080078aa       0x1c ./Drivers/STM32F4xx_HAL_Driver/Src/stm32f4xx_hal_uart.o
 .text.UART_DMAError
                0x00000000080078c6       0x94 ./Drivers/STM32F4xx_HAL_Driver/Src/stm32f4xx_hal_uart.o
 .text.UART_Start_Receive_IT
                0x000000000800795a       0x74 ./Drivers/STM32F4xx_HAL_Driver/Src/stm32f4xx_hal_uart.o
                0x000000000800795a                UART_Start_Receive_IT
 .text.UART_EndTxTransfer
                0x00000000080079ce       0x50 ./Drivers/STM32F4xx_HAL_Driver/Src/stm32f4xx_hal_uart.o
 .text.UART_EndRxTransfer
                0x0000000008007a1e       0xc6 ./Drivers/STM32F4xx_HAL_Driver/Src/stm32f4xx_hal_uart.o
 .text.UART_DMAAbortOnError
                0x0000000008007ae4       0x28 ./Drivers/STM32F4xx_HAL_Driver/Src/stm32f4xx_hal_uart.o
 .text.UART_Transmit_IT
                0x0000000008007b0c       0xa0 ./Drivers/STM32F4xx_HAL_Driver/Src/stm32f4xx_hal_uart.o
 .text.UART_EndTransmit_IT
                0x0000000008007bac       0x30 ./Drivers/STM32F4xx_HAL_Driver/Src/stm32f4xx_hal_uart.o
 .text.UART_Receive_IT
                0x0000000008007bdc      0x176 ./Drivers/STM32F4xx_HAL_Driver/Src/stm32f4xx_hal_uart.o
 *fill*         0x0000000008007d52        0x2 
 .text.UART_SetConfig
                0x0000000008007d54      0x390 ./Drivers/STM32F4xx_HAL_Driver/Src/stm32f4xx_hal_uart.o
 .text.__libc_init_array
                0x00000000080080e4       0x48 c:/st/stm32cubeide_1.7.0/stm32cubeide/plugins/com.st.stm32cube.ide.mcu.externaltools.gnu-tools-for-stm32.9-2020-q2-update.win32_2.0.0.202105311346/tools/bin/../lib/gcc/arm-none-eabi/9.3.1/../../../../arm-none-eabi/lib/thumb/v7e-m+fp/hard\libc_nano.a(lib_a-init.o)
                0x00000000080080e4                __libc_init_array
 .text.memset   0x000000000800812c       0x10 c:/st/stm32cubeide_1.7.0/stm32cubeide/plugins/com.st.stm32cube.ide.mcu.externaltools.gnu-tools-for-stm32.9-2020-q2-update.win32_2.0.0.202105311346/tools/bin/../lib/gcc/arm-none-eabi/9.3.1/../../../../arm-none-eabi/lib/thumb/v7e-m+fp/hard\libc_nano.a(lib_a-memset.o)
                0x000000000800812c                memset
 *(.glue_7)
 .glue_7        0x000000000800813c        0x0 linker stubs
 *(.glue_7t)
 .glue_7t       0x000000000800813c        0x0 linker stubs
 *(.eh_frame)
 .eh_frame      0x000000000800813c        0x0 c:/st/stm32cubeide_1.7.0/stm32cubeide/plugins/com.st.stm32cube.ide.mcu.externaltools.gnu-tools-for-stm32.9-2020-q2-update.win32_2.0.0.202105311346/tools/bin/../lib/gcc/arm-none-eabi/9.3.1/thumb/v7e-m+fp/hard/crtbegin.o
 *(.init)
 .init          0x000000000800813c        0x4 c:/st/stm32cubeide_1.7.0/stm32cubeide/plugins/com.st.stm32cube.ide.mcu.externaltools.gnu-tools-for-stm32.9-2020-q2-update.win32_2.0.0.202105311346/tools/bin/../lib/gcc/arm-none-eabi/9.3.1/thumb/v7e-m+fp/hard/crti.o
                0x000000000800813c                _init
 .init          0x0000000008008140        0x8 c:/st/stm32cubeide_1.7.0/stm32cubeide/plugins/com.st.stm32cube.ide.mcu.externaltools.gnu-tools-for-stm32.9-2020-q2-update.win32_2.0.0.202105311346/tools/bin/../lib/gcc/arm-none-eabi/9.3.1/thumb/v7e-m+fp/hard/crtn.o
 *(.fini)
 .fini          0x0000000008008148        0x4 c:/st/stm32cubeide_1.7.0/stm32cubeide/plugins/com.st.stm32cube.ide.mcu.externaltools.gnu-tools-for-stm32.9-2020-q2-update.win32_2.0.0.202105311346/tools/bin/../lib/gcc/arm-none-eabi/9.3.1/thumb/v7e-m+fp/hard/crti.o
                0x0000000008008148                _fini
 .fini          0x000000000800814c        0x8 c:/st/stm32cubeide_1.7.0/stm32cubeide/plugins/com.st.stm32cube.ide.mcu.externaltools.gnu-tools-for-stm32.9-2020-q2-update.win32_2.0.0.202105311346/tools/bin/../lib/gcc/arm-none-eabi/9.3.1/thumb/v7e-m+fp/hard/crtn.o
                0x0000000008008154                . = ALIGN (0x4)
                0x0000000008008154                _etext = .

.vfp11_veneer   0x0000000008008154        0x0
 .vfp11_veneer  0x0000000008008154        0x0 linker stubs

.v4_bx          0x0000000008008154        0x0
 .v4_bx         0x0000000008008154        0x0 linker stubs

.iplt           0x0000000008008154        0x0
 .iplt          0x0000000008008154        0x0 c:/st/stm32cubeide_1.7.0/stm32cubeide/plugins/com.st.stm32cube.ide.mcu.externaltools.gnu-tools-for-stm32.9-2020-q2-update.win32_2.0.0.202105311346/tools/bin/../lib/gcc/arm-none-eabi/9.3.1/thumb/v7e-m+fp/hard/crtbegin.o

.rodata         0x0000000008008154       0x20
                0x0000000008008154                . = ALIGN (0x4)
 *(.rodata)
 *(.rodata*)
 .rodata.AHBPrescTable
                0x0000000008008154       0x10 ./Core/Src/system_stm32f4xx.o
                0x0000000008008154                AHBPrescTable
 .rodata.APBPrescTable
                0x0000000008008164        0x8 ./Core/Src/system_stm32f4xx.o
                0x0000000008008164                APBPrescTable
 .rodata.flagBitshiftOffset.8472
                0x000000000800816c        0x8 ./Drivers/STM32F4xx_HAL_Driver/Src/stm32f4xx_hal_dma.o
                0x0000000008008174                . = ALIGN (0x4)

.ARM.extab      0x0000000008008174        0x0
                0x0000000008008174                . = ALIGN (0x4)
 *(.ARM.extab* .gnu.linkonce.armextab.*)
                0x0000000008008174                . = ALIGN (0x4)

.ARM            0x0000000008008174        0x8
                0x0000000008008174                . = ALIGN (0x4)
                0x0000000008008174                __exidx_start = .
 *(.ARM.exidx*)
 .ARM.exidx     0x0000000008008174        0x8 c:/st/stm32cubeide_1.7.0/stm32cubeide/plugins/com.st.stm32cube.ide.mcu.externaltools.gnu-tools-for-stm32.9-2020-q2-update.win32_2.0.0.202105311346/tools/bin/../lib/gcc/arm-none-eabi/9.3.1/thumb/v7e-m+fp/hard\libgcc.a(_udivmoddi4.o)
                0x000000000800817c                __exidx_end = .
                0x000000000800817c                . = ALIGN (0x4)

.rel.dyn        0x000000000800817c        0x0
 .rel.iplt      0x000000000800817c        0x0 c:/st/stm32cubeide_1.7.0/stm32cubeide/plugins/com.st.stm32cube.ide.mcu.externaltools.gnu-tools-for-stm32.9-2020-q2-update.win32_2.0.0.202105311346/tools/bin/../lib/gcc/arm-none-eabi/9.3.1/thumb/v7e-m+fp/hard/crtbegin.o

.preinit_array  0x000000000800817c        0x0
                0x000000000800817c                . = ALIGN (0x4)
                0x000000000800817c                PROVIDE (__preinit_array_start = .)
 *(.preinit_array*)
                0x000000000800817c                PROVIDE (__preinit_array_end = .)
                0x000000000800817c                . = ALIGN (0x4)

.init_array     0x000000000800817c        0x4
                0x000000000800817c                . = ALIGN (0x4)
                0x000000000800817c                PROVIDE (__init_array_start = .)
 *(SORT_BY_NAME(.init_array.*))
 *(.init_array*)
 .init_array    0x000000000800817c        0x4 c:/st/stm32cubeide_1.7.0/stm32cubeide/plugins/com.st.stm32cube.ide.mcu.externaltools.gnu-tools-for-stm32.9-2020-q2-update.win32_2.0.0.202105311346/tools/bin/../lib/gcc/arm-none-eabi/9.3.1/thumb/v7e-m+fp/hard/crtbegin.o
                0x0000000008008180                PROVIDE (__init_array_end = .)
                0x0000000008008180                . = ALIGN (0x4)

.fini_array     0x0000000008008180        0x4
                0x0000000008008180                . = ALIGN (0x4)
                [!provide]                        PROVIDE (__fini_array_start = .)
 *(SORT_BY_NAME(.fini_array.*))
 *(.fini_array*)
 .fini_array    0x0000000008008180        0x4 c:/st/stm32cubeide_1.7.0/stm32cubeide/plugins/com.st.stm32cube.ide.mcu.externaltools.gnu-tools-for-stm32.9-2020-q2-update.win32_2.0.0.202105311346/tools/bin/../lib/gcc/arm-none-eabi/9.3.1/thumb/v7e-m+fp/hard/crtbegin.o
                [!provide]                        PROVIDE (__fini_array_end = .)
                0x0000000008008184                . = ALIGN (0x4)
                0x0000000008008184                _sidata = LOADADDR (.data)

.data           0x0000000020000000       0x40 load address 0x0000000008008184
                0x0000000020000000                . = ALIGN (0x4)
                0x0000000020000000                _sdata = .
 *(.data)
 *(.data*)
 .data.port_led
                0x0000000020000000        0x8 ./Core/Src/hardware.o
                0x0000000020000000                port_led
 .data.pin_led  0x0000000020000008        0x4 ./Core/Src/hardware.o
                0x0000000020000008                pin_led
 .data.port_disable
                0x000000002000000c        0x4 ./Core/Src/motores.o
                0x000000002000000c                port_disable
 .data.port_direction
                0x0000000020000010        0x4 ./Core/Src/motores.o
                0x0000000020000010                port_direction
 .data.port_brake
                0x0000000020000014        0x4 ./Core/Src/motores.o
                0x0000000020000014                port_brake
 .data.pin_disable_motor
                0x0000000020000018        0x4 ./Core/Src/motores.o
                0x0000000020000018                pin_disable_motor
 .data.pin_direction_motor
                0x000000002000001c        0x4 ./Core/Src/motores.o
                0x000000002000001c                pin_direction_motor
 .data.pin_brake_motor
                0x0000000020000020        0x4 ./Core/Src/motores.o
                0x0000000020000020                pin_brake_motor
 .data.pin_salida_motor
                0x0000000020000024        0x4 ./Core/Src/motores.o
                0x0000000020000024                pin_salida_motor
 .data.pin_eco_delantero
                0x0000000020000028        0x6 ./Core/Src/sensores.o
                0x0000000020000028                pin_eco_delantero
 *fill*         0x000000002000002e        0x2 
 .data.pin_eco_trasero
                0x0000000020000030        0x4 ./Core/Src/sensores.o
                0x0000000020000030                pin_eco_trasero
 .data.SystemCoreClock
                0x0000000020000034        0x4 ./Core/Src/system_stm32f4xx.o
                0x0000000020000034                SystemCoreClock
 .data.uwTickPrio
                0x0000000020000038        0x4 ./Drivers/STM32F4xx_HAL_Driver/Src/stm32f4xx_hal.o
                0x0000000020000038                uwTickPrio
 .data.uwTickFreq
                0x000000002000003c        0x1 ./Drivers/STM32F4xx_HAL_Driver/Src/stm32f4xx_hal.o
                0x000000002000003c                uwTickFreq
 *(.RamFunc)
 *(.RamFunc*)
                0x0000000020000040                . = ALIGN (0x4)
 *fill*         0x000000002000003d        0x3 
                0x0000000020000040                _edata = .

.igot.plt       0x0000000020000040        0x0 load address 0x00000000080081c4
 .igot.plt      0x0000000020000040        0x0 c:/st/stm32cubeide_1.7.0/stm32cubeide/plugins/com.st.stm32cube.ide.mcu.externaltools.gnu-tools-for-stm32.9-2020-q2-update.win32_2.0.0.202105311346/tools/bin/../lib/gcc/arm-none-eabi/9.3.1/thumb/v7e-m+fp/hard/crtbegin.o
                0x0000000020000040                . = ALIGN (0x4)

.bss            0x0000000020000040      0x548 load address 0x00000000080081c4
                0x0000000020000040                _sbss = .
                0x0000000020000040                __bss_start__ = _sbss
 *(.bss)
 .bss           0x0000000020000040       0x1c c:/st/stm32cubeide_1.7.0/stm32cubeide/plugins/com.st.stm32cube.ide.mcu.externaltools.gnu-tools-for-stm32.9-2020-q2-update.win32_2.0.0.202105311346/tools/bin/../lib/gcc/arm-none-eabi/9.3.1/thumb/v7e-m+fp/hard/crtbegin.o
 *(.bss*)
 .bss.primera.8491
                0x000000002000005c        0x1 ./Core/Src/comunicaciones.o
 .bss.primero.8476
                0x000000002000005d        0x1 ./Core/Src/hardware.o
 .bss.inicio.8488
                0x000000002000005e        0x1 ./Core/Src/motores.o
 *fill*         0x000000002000005f        0x1 
 .bss.marcha.8502
                0x0000000020000060        0x2 ./Core/Src/motores.o
 .bss.inicio.8472
                0x0000000020000062        0x1 ./Core/Src/navegacion.o
 .bss.dir.8476  0x0000000020000063        0x1 ./Core/Src/navegacion.o
 .bss.primero.8506
                0x0000000020000064        0x1 ./Core/Src/sensores.o
 .bss.state_movement.8536
                0x0000000020000065        0x1 ./Core/Src/sensores.o
 *fill*         0x0000000020000066        0x2 
 .bss.tam_eco.8544
                0x0000000020000068        0x5 ./Core/Src/sensores.o
 *fill*         0x000000002000006d        0x3 
 .bss.tam_hall.8578
                0x0000000020000070        0x2 ./Core/Src/sensores.o
 *fill*         0x0000000020000072        0x2 
 .bss.state_hall.8603
                0x0000000020000074        0x2 ./Core/Src/sensores.o
 *fill*         0x0000000020000076        0x2 
 .bss.hall_value.8605
                0x0000000020000078        0x8 ./Core/Src/sensores.o
 .bss.state_eco.8604
                0x0000000020000080        0x5 ./Core/Src/sensores.o
 *fill*         0x0000000020000085        0x3 
 .bss.eco_value.8606
                0x0000000020000088        0xa ./Core/Src/sensores.o
 .bss.primero.8466
                0x0000000020000092        0x1 ./Core/Src/sonido.o
 *(COMMON)
 *fill*         0x0000000020000093        0x1 
 COMMON         0x0000000020000094       0xfe ./Core/Src/comunicaciones.o
                0x0000000020000094                pid
                0x00000000200000ac                tmotor
                0x00000000200000bc                com
                0x00000000200000f0                par
                0x0000000020000104                state
                0x000000002000010c                vel
                0x0000000020000110                consigna
                0x0000000020000118                tick
                0x0000000020000140                hall
                0x0000000020000148                marchag
                0x000000002000014c                audio
                0x0000000020000160                sensor
                0x0000000020000188                hard
                0x0000000020000190                medida_nueva_hall
 *fill*         0x0000000020000192        0x2 
 COMMON         0x0000000020000194      0x308 ./Core/Src/main.o
                0x0000000020000194                htim8
                0x00000000200001dc                htim4
                0x0000000020000224                huart3
                0x0000000020000268                hdma_usart3_tx
                0x00000000200002c8                htim3
                0x0000000020000310                hdma_usart1_tx
                0x0000000020000370                huart1
                0x00000000200003b4                hdac
                0x00000000200003c8                htim2
                0x0000000020000410                huart2
                0x0000000020000454                htim12
 COMMON         0x000000002000049c        0x4 ./Core/Src/motores.o
                0x000000002000049c                mandog
 COMMON         0x00000000200004a0       0xe1 ./Core/Src/sensores.o
                0x00000000200004a0                hall_buffer
                0x00000000200004c8                n_timer
                0x00000000200004c9                pr_timer
                0x00000000200004cc                frontal_eco
                0x00000000200004d4                eco
                0x00000000200004e0                eco_buffer
                0x0000000020000514                medida_nueva_eco
                0x000000002000051c                rear_eco
                0x0000000020000520                buftimer
                0x0000000020000580                pw_timer
 *fill*         0x0000000020000581        0x3 
 COMMON         0x0000000020000584        0x4 ./Drivers/STM32F4xx_HAL_Driver/Src/stm32f4xx_hal.o
                0x0000000020000584                uwTick
                0x0000000020000588                . = ALIGN (0x4)
                0x0000000020000588                _ebss = .
                0x0000000020000588                __bss_end__ = _ebss

._user_heap_stack
                0x0000000020000588      0x600 load address 0x00000000080081c4
                0x0000000020000588                . = ALIGN (0x8)
                [!provide]                        PROVIDE (end = .)
                0x0000000020000588                PROVIDE (_end = .)
                0x0000000020000788                . = (. + _Min_Heap_Size)
 *fill*         0x0000000020000588      0x200 
                0x0000000020000b88                . = (. + _Min_Stack_Size)
 *fill*         0x0000000020000788      0x400 
                0x0000000020000b88                . = ALIGN (0x8)

/DISCARD/
 libc.a(*)
 libm.a(*)
 libgcc.a(*)

.ARM.attributes
                0x0000000000000000       0x30
 *(.ARM.attributes)
 .ARM.attributes
                0x0000000000000000       0x1e c:/st/stm32cubeide_1.7.0/stm32cubeide/plugins/com.st.stm32cube.ide.mcu.externaltools.gnu-tools-for-stm32.9-2020-q2-update.win32_2.0.0.202105311346/tools/bin/../lib/gcc/arm-none-eabi/9.3.1/thumb/v7e-m+fp/hard/crti.o
 .ARM.attributes
                0x000000000000001e       0x34 c:/st/stm32cubeide_1.7.0/stm32cubeide/plugins/com.st.stm32cube.ide.mcu.externaltools.gnu-tools-for-stm32.9-2020-q2-update.win32_2.0.0.202105311346/tools/bin/../lib/gcc/arm-none-eabi/9.3.1/thumb/v7e-m+fp/hard/crtbegin.o
 .ARM.attributes
                0x0000000000000052       0x34 ./Core/Src/comunicaciones.o
 .ARM.attributes
                0x0000000000000086       0x34 ./Core/Src/hardware.o
 .ARM.attributes
                0x00000000000000ba       0x34 ./Core/Src/main.o
 .ARM.attributes
                0x00000000000000ee       0x34 ./Core/Src/motores.o
 .ARM.attributes
                0x0000000000000122       0x34 ./Core/Src/navegacion.o
 .ARM.attributes
                0x0000000000000156       0x34 ./Core/Src/sensores.o
 .ARM.attributes
                0x000000000000018a       0x34 ./Core/Src/sonido.o
 .ARM.attributes
                0x00000000000001be       0x34 ./Core/Src/stm32f4xx_hal_msp.o
 .ARM.attributes
                0x00000000000001f2       0x34 ./Core/Src/stm32f4xx_it.o
 .ARM.attributes
                0x0000000000000226       0x34 ./Core/Src/system_stm32f4xx.o
 .ARM.attributes
                0x000000000000025a       0x21 ./Core/Startup/startup_stm32f446retx.o
 .ARM.attributes
                0x000000000000027b       0x34 ./Drivers/STM32F4xx_HAL_Driver/Src/stm32f4xx_hal.o
 .ARM.attributes
                0x00000000000002af       0x34 ./Drivers/STM32F4xx_HAL_Driver/Src/stm32f4xx_hal_cortex.o
 .ARM.attributes
                0x00000000000002e3       0x34 ./Drivers/STM32F4xx_HAL_Driver/Src/stm32f4xx_hal_dac.o
 .ARM.attributes
                0x0000000000000317       0x34 ./Drivers/STM32F4xx_HAL_Driver/Src/stm32f4xx_hal_dma.o
 .ARM.attributes
                0x000000000000034b       0x34 ./Drivers/STM32F4xx_HAL_Driver/Src/stm32f4xx_hal_gpio.o
 .ARM.attributes
                0x000000000000037f       0x34 ./Drivers/STM32F4xx_HAL_Driver/Src/stm32f4xx_hal_rcc.o
 .ARM.attributes
                0x00000000000003b3       0x34 ./Drivers/STM32F4xx_HAL_Driver/Src/stm32f4xx_hal_rcc_ex.o
 .ARM.attributes
                0x00000000000003e7       0x34 ./Drivers/STM32F4xx_HAL_Driver/Src/stm32f4xx_hal_tim.o
 .ARM.attributes
                0x000000000000041b       0x34 ./Drivers/STM32F4xx_HAL_Driver/Src/stm32f4xx_hal_tim_ex.o
 .ARM.attributes
                0x000000000000044f       0x34 ./Drivers/STM32F4xx_HAL_Driver/Src/stm32f4xx_hal_uart.o
 .ARM.attributes
                0x0000000000000483       0x34 c:/st/stm32cubeide_1.7.0/stm32cubeide/plugins/com.st.stm32cube.ide.mcu.externaltools.gnu-tools-for-stm32.9-2020-q2-update.win32_2.0.0.202105311346/tools/bin/../lib/gcc/arm-none-eabi/9.3.1/../../../../arm-none-eabi/lib/thumb/v7e-m+fp/hard\libc_nano.a(lib_a-init.o)
 .ARM.attributes
                0x00000000000004b7       0x34 c:/st/stm32cubeide_1.7.0/stm32cubeide/plugins/com.st.stm32cube.ide.mcu.externaltools.gnu-tools-for-stm32.9-2020-q2-update.win32_2.0.0.202105311346/tools/bin/../lib/gcc/arm-none-eabi/9.3.1/../../../../arm-none-eabi/lib/thumb/v7e-m+fp/hard\libc_nano.a(lib_a-memset.o)
 .ARM.attributes
                0x00000000000004eb       0x1e c:/st/stm32cubeide_1.7.0/stm32cubeide/plugins/com.st.stm32cube.ide.mcu.externaltools.gnu-tools-for-stm32.9-2020-q2-update.win32_2.0.0.202105311346/tools/bin/../lib/gcc/arm-none-eabi/9.3.1/thumb/v7e-m+fp/hard\libgcc.a(_arm_addsubdf3.o)
 .ARM.attributes
                0x0000000000000509       0x1e c:/st/stm32cubeide_1.7.0/stm32cubeide/plugins/com.st.stm32cube.ide.mcu.externaltools.gnu-tools-for-stm32.9-2020-q2-update.win32_2.0.0.202105311346/tools/bin/../lib/gcc/arm-none-eabi/9.3.1/thumb/v7e-m+fp/hard\libgcc.a(_arm_muldivdf3.o)
 .ARM.attributes
                0x0000000000000527       0x1e c:/st/stm32cubeide_1.7.0/stm32cubeide/plugins/com.st.stm32cube.ide.mcu.externaltools.gnu-tools-for-stm32.9-2020-q2-update.win32_2.0.0.202105311346/tools/bin/../lib/gcc/arm-none-eabi/9.3.1/thumb/v7e-m+fp/hard\libgcc.a(_arm_fixdfsi.o)
 .ARM.attributes
                0x0000000000000545       0x1e c:/st/stm32cubeide_1.7.0/stm32cubeide/plugins/com.st.stm32cube.ide.mcu.externaltools.gnu-tools-for-stm32.9-2020-q2-update.win32_2.0.0.202105311346/tools/bin/../lib/gcc/arm-none-eabi/9.3.1/thumb/v7e-m+fp/hard\libgcc.a(_arm_truncdfsf2.o)
 .ARM.attributes
                0x0000000000000563       0x1e c:/st/stm32cubeide_1.7.0/stm32cubeide/plugins/com.st.stm32cube.ide.mcu.externaltools.gnu-tools-for-stm32.9-2020-q2-update.win32_2.0.0.202105311346/tools/bin/../lib/gcc/arm-none-eabi/9.3.1/thumb/v7e-m+fp/hard\libgcc.a(_aeabi_uldivmod.o)
 .ARM.attributes
                0x0000000000000581       0x34 c:/st/stm32cubeide_1.7.0/stm32cubeide/plugins/com.st.stm32cube.ide.mcu.externaltools.gnu-tools-for-stm32.9-2020-q2-update.win32_2.0.0.202105311346/tools/bin/../lib/gcc/arm-none-eabi/9.3.1/thumb/v7e-m+fp/hard\libgcc.a(_udivmoddi4.o)
 .ARM.attributes
                0x00000000000005b5       0x1e c:/st/stm32cubeide_1.7.0/stm32cubeide/plugins/com.st.stm32cube.ide.mcu.externaltools.gnu-tools-for-stm32.9-2020-q2-update.win32_2.0.0.202105311346/tools/bin/../lib/gcc/arm-none-eabi/9.3.1/thumb/v7e-m+fp/hard\libgcc.a(_dvmd_tls.o)
 .ARM.attributes
                0x00000000000005d3       0x1e c:/st/stm32cubeide_1.7.0/stm32cubeide/plugins/com.st.stm32cube.ide.mcu.externaltools.gnu-tools-for-stm32.9-2020-q2-update.win32_2.0.0.202105311346/tools/bin/../lib/gcc/arm-none-eabi/9.3.1/thumb/v7e-m+fp/hard/crtn.o
OUTPUT(plataforma.elf elf32-littlearm)
LOAD linker stubs
LOAD c:/st/stm32cubeide_1.7.0/stm32cubeide/plugins/com.st.stm32cube.ide.mcu.externaltools.gnu-tools-for-stm32.9-2020-q2-update.win32_2.0.0.202105311346/tools/bin/../lib/gcc/arm-none-eabi/9.3.1/../../../../arm-none-eabi/lib/thumb/v7e-m+fp/hard\libc.a
LOAD c:/st/stm32cubeide_1.7.0/stm32cubeide/plugins/com.st.stm32cube.ide.mcu.externaltools.gnu-tools-for-stm32.9-2020-q2-update.win32_2.0.0.202105311346/tools/bin/../lib/gcc/arm-none-eabi/9.3.1/../../../../arm-none-eabi/lib/thumb/v7e-m+fp/hard\libm.a
LOAD c:/st/stm32cubeide_1.7.0/stm32cubeide/plugins/com.st.stm32cube.ide.mcu.externaltools.gnu-tools-for-stm32.9-2020-q2-update.win32_2.0.0.202105311346/tools/bin/../lib/gcc/arm-none-eabi/9.3.1/thumb/v7e-m+fp/hard\libgcc.a

.debug_info     0x0000000000000000    0x1412d
 .debug_info    0x0000000000000000      0xd7e ./Core/Src/comunicaciones.o
 .debug_info    0x0000000000000d7e      0x797 ./Core/Src/hardware.o
 .debug_info    0x0000000000001515     0x1c34 ./Core/Src/main.o
 .debug_info    0x0000000000003149      0xc9a ./Core/Src/motores.o
 .debug_info    0x0000000000003de3      0x66b ./Core/Src/navegacion.o
 .debug_info    0x000000000000444e     0x1177 ./Core/Src/sensores.o
 .debug_info    0x00000000000055c5      0x75c ./Core/Src/sonido.o
 .debug_info    0x0000000000005d21     0x14bf ./Core/Src/stm32f4xx_hal_msp.o
 .debug_info    0x00000000000071e0      0xb08 ./Core/Src/stm32f4xx_it.o
 .debug_info    0x0000000000007ce8      0x5dc ./Core/Src/system_stm32f4xx.o
 .debug_info    0x00000000000082c4       0x22 ./Core/Startup/startup_stm32f446retx.o
 .debug_info    0x00000000000082e6      0xa08 ./Drivers/STM32F4xx_HAL_Driver/Src/stm32f4xx_hal.o
 .debug_info    0x0000000000008cee      0xef5 ./Drivers/STM32F4xx_HAL_Driver/Src/stm32f4xx_hal_cortex.o
 .debug_info    0x0000000000009be3      0xac4 ./Drivers/STM32F4xx_HAL_Driver/Src/stm32f4xx_hal_dac.o
 .debug_info    0x000000000000a6a7      0x9f1 ./Drivers/STM32F4xx_HAL_Driver/Src/stm32f4xx_hal_dma.o
 .debug_info    0x000000000000b098      0x892 ./Drivers/STM32F4xx_HAL_Driver/Src/stm32f4xx_hal_gpio.o
 .debug_info    0x000000000000b92a      0x9db ./Drivers/STM32F4xx_HAL_Driver/Src/stm32f4xx_hal_rcc.o
 .debug_info    0x000000000000c305      0xa86 ./Drivers/STM32F4xx_HAL_Driver/Src/stm32f4xx_hal_rcc_ex.o
 .debug_info    0x000000000000cd8b     0x2c22 ./Drivers/STM32F4xx_HAL_Driver/Src/stm32f4xx_hal_tim.o
 .debug_info    0x000000000000f9ad     0x15a2 ./Drivers/STM32F4xx_HAL_Driver/Src/stm32f4xx_hal_tim_ex.o
 .debug_info    0x0000000000010f4f     0x31de ./Drivers/STM32F4xx_HAL_Driver/Src/stm32f4xx_hal_uart.o

.debug_abbrev   0x0000000000000000     0x2d2a
 .debug_abbrev  0x0000000000000000      0x28f ./Core/Src/comunicaciones.o
 .debug_abbrev  0x000000000000028f      0x20b ./Core/Src/hardware.o
 .debug_abbrev  0x000000000000049a      0x2c2 ./Core/Src/main.o
 .debug_abbrev  0x000000000000075c      0x262 ./Core/Src/motores.o
 .debug_abbrev  0x00000000000009be      0x1d3 ./Core/Src/navegacion.o
 .debug_abbrev  0x0000000000000b91      0x321 ./Core/Src/sensores.o
 .debug_abbrev  0x0000000000000eb2      0x220 ./Core/Src/sonido.o
 .debug_abbrev  0x00000000000010d2      0x206 ./Core/Src/stm32f4xx_hal_msp.o
 .debug_abbrev  0x00000000000012d8      0x190 ./Core/Src/stm32f4xx_it.o
 .debug_abbrev  0x0000000000001468      0x145 ./Core/Src/system_stm32f4xx.o
 .debug_abbrev  0x00000000000015ad       0x12 ./Core/Startup/startup_stm32f446retx.o
 .debug_abbrev  0x00000000000015bf      0x1ed ./Drivers/STM32F4xx_HAL_Driver/Src/stm32f4xx_hal.o
 .debug_abbrev  0x00000000000017ac      0x33c ./Drivers/STM32F4xx_HAL_Driver/Src/stm32f4xx_hal_cortex.o
 .debug_abbrev  0x0000000000001ae8      0x1f2 ./Drivers/STM32F4xx_HAL_Driver/Src/stm32f4xx_hal_dac.o
 .debug_abbrev  0x0000000000001cda      0x259 ./Drivers/STM32F4xx_HAL_Driver/Src/stm32f4xx_hal_dma.o
 .debug_abbrev  0x0000000000001f33      0x1f1 ./Drivers/STM32F4xx_HAL_Driver/Src/stm32f4xx_hal_gpio.o
 .debug_abbrev  0x0000000000002124      0x275 ./Drivers/STM32F4xx_HAL_Driver/Src/stm32f4xx_hal_rcc.o
 .debug_abbrev  0x0000000000002399      0x1e2 ./Drivers/STM32F4xx_HAL_Driver/Src/stm32f4xx_hal_rcc_ex.o
 .debug_abbrev  0x000000000000257b      0x25e ./Drivers/STM32F4xx_HAL_Driver/Src/stm32f4xx_hal_tim.o
 .debug_abbrev  0x00000000000027d9      0x266 ./Drivers/STM32F4xx_HAL_Driver/Src/stm32f4xx_hal_tim_ex.o
 .debug_abbrev  0x0000000000002a3f      0x2eb ./Drivers/STM32F4xx_HAL_Driver/Src/stm32f4xx_hal_uart.o

.debug_aranges  0x0000000000000000      0xf90
 .debug_aranges
                0x0000000000000000       0x58 ./Core/Src/comunicaciones.o
 .debug_aranges
                0x0000000000000058       0x38 ./Core/Src/hardware.o
 .debug_aranges
                0x0000000000000090       0xa0 ./Core/Src/main.o
 .debug_aranges
                0x0000000000000130       0x40 ./Core/Src/motores.o
 .debug_aranges
                0x0000000000000170       0x30 ./Core/Src/navegacion.o
 .debug_aranges
                0x00000000000001a0       0x70 ./Core/Src/sensores.o
 .debug_aranges
                0x0000000000000210       0x48 ./Core/Src/sonido.o
 .debug_aranges
                0x0000000000000258       0x68 ./Core/Src/stm32f4xx_hal_msp.o
 .debug_aranges
                0x00000000000002c0       0x98 ./Core/Src/stm32f4xx_it.o
 .debug_aranges
                0x0000000000000358       0x28 ./Core/Src/system_stm32f4xx.o
 .debug_aranges
                0x0000000000000380       0x28 ./Core/Startup/startup_stm32f446retx.o
 .debug_aranges
                0x00000000000003a8       0xf0 ./Drivers/STM32F4xx_HAL_Driver/Src/stm32f4xx_hal.o
 .debug_aranges
                0x0000000000000498      0x118 ./Drivers/STM32F4xx_HAL_Driver/Src/stm32f4xx_hal_cortex.o
 .debug_aranges
                0x00000000000005b0       0xc0 ./Drivers/STM32F4xx_HAL_Driver/Src/stm32f4xx_hal_dac.o
 .debug_aranges
                0x0000000000000670       0x90 ./Drivers/STM32F4xx_HAL_Driver/Src/stm32f4xx_hal_dma.o
 .debug_aranges
                0x0000000000000700       0x58 ./Drivers/STM32F4xx_HAL_Driver/Src/stm32f4xx_hal_gpio.o
 .debug_aranges
                0x0000000000000758       0x88 ./Drivers/STM32F4xx_HAL_Driver/Src/stm32f4xx_hal_rcc.o
 .debug_aranges
                0x00000000000007e0       0x78 ./Drivers/STM32F4xx_HAL_Driver/Src/stm32f4xx_hal_rcc_ex.o
 .debug_aranges
                0x0000000000000858      0x3d0 ./Drivers/STM32F4xx_HAL_Driver/Src/stm32f4xx_hal_tim.o
 .debug_aranges
                0x0000000000000c28      0x168 ./Drivers/STM32F4xx_HAL_Driver/Src/stm32f4xx_hal_tim_ex.o
 .debug_aranges
                0x0000000000000d90      0x200 ./Drivers/STM32F4xx_HAL_Driver/Src/stm32f4xx_hal_uart.o

.debug_ranges   0x0000000000000000      0xe78
 .debug_ranges  0x0000000000000000       0x48 ./Core/Src/comunicaciones.o
 .debug_ranges  0x0000000000000048       0x28 ./Core/Src/hardware.o
 .debug_ranges  0x0000000000000070       0x90 ./Core/Src/main.o
 .debug_ranges  0x0000000000000100       0x30 ./Core/Src/motores.o
 .debug_ranges  0x0000000000000130       0x20 ./Core/Src/navegacion.o
 .debug_ranges  0x0000000000000150       0x60 ./Core/Src/sensores.o
 .debug_ranges  0x00000000000001b0       0x38 ./Core/Src/sonido.o
 .debug_ranges  0x00000000000001e8       0x58 ./Core/Src/stm32f4xx_hal_msp.o
 .debug_ranges  0x0000000000000240       0x88 ./Core/Src/stm32f4xx_it.o
 .debug_ranges  0x00000000000002c8       0x18 ./Core/Src/system_stm32f4xx.o
 .debug_ranges  0x00000000000002e0       0x20 ./Core/Startup/startup_stm32f446retx.o
 .debug_ranges  0x0000000000000300       0xe0 ./Drivers/STM32F4xx_HAL_Driver/Src/stm32f4xx_hal.o
 .debug_ranges  0x00000000000003e0      0x108 ./Drivers/STM32F4xx_HAL_Driver/Src/stm32f4xx_hal_cortex.o
 .debug_ranges  0x00000000000004e8       0xb0 ./Drivers/STM32F4xx_HAL_Driver/Src/stm32f4xx_hal_dac.o
 .debug_ranges  0x0000000000000598       0x80 ./Drivers/STM32F4xx_HAL_Driver/Src/stm32f4xx_hal_dma.o
 .debug_ranges  0x0000000000000618       0x48 ./Drivers/STM32F4xx_HAL_Driver/Src/stm32f4xx_hal_gpio.o
 .debug_ranges  0x0000000000000660       0x78 ./Drivers/STM32F4xx_HAL_Driver/Src/stm32f4xx_hal_rcc.o
 .debug_ranges  0x00000000000006d8       0x68 ./Drivers/STM32F4xx_HAL_Driver/Src/stm32f4xx_hal_rcc_ex.o
 .debug_ranges  0x0000000000000740      0x3c0 ./Drivers/STM32F4xx_HAL_Driver/Src/stm32f4xx_hal_tim.o
 .debug_ranges  0x0000000000000b00      0x158 ./Drivers/STM32F4xx_HAL_Driver/Src/stm32f4xx_hal_tim_ex.o
 .debug_ranges  0x0000000000000c58      0x220 ./Drivers/STM32F4xx_HAL_Driver/Src/stm32f4xx_hal_uart.o

.debug_macro    0x0000000000000000    0x2241e
 .debug_macro   0x0000000000000000      0x200 ./Core/Src/comunicaciones.o
 .debug_macro   0x0000000000000200      0xaa8 ./Core/Src/comunicaciones.o
 .debug_macro   0x0000000000000ca8      0x2a1 ./Core/Src/comunicaciones.o
 .debug_macro   0x0000000000000f49       0x2e ./Core/Src/comunicaciones.o
 .debug_macro   0x0000000000000f77       0x28 ./Core/Src/comunicaciones.o
 .debug_macro   0x0000000000000f9f       0x22 ./Core/Src/comunicaciones.o
 .debug_macro   0x0000000000000fc1       0x8e ./Core/Src/comunicaciones.o
 .debug_macro   0x000000000000104f       0x51 ./Core/Src/comunicaciones.o
 .debug_macro   0x00000000000010a0      0x103 ./Core/Src/comunicaciones.o
 .debug_macro   0x00000000000011a3       0x6a ./Core/Src/comunicaciones.o
 .debug_macro   0x000000000000120d      0x1df ./Core/Src/comunicaciones.o
 .debug_macro   0x00000000000013ec       0x1c ./Core/Src/comunicaciones.o
 .debug_macro   0x0000000000001408       0x22 ./Core/Src/comunicaciones.o
 .debug_macro   0x000000000000142a       0xdf ./Core/Src/comunicaciones.o
 .debug_macro   0x0000000000001509     0x102d ./Core/Src/comunicaciones.o
 .debug_macro   0x0000000000002536      0x11f ./Core/Src/comunicaciones.o
 .debug_macro   0x0000000000002655    0x16749 ./Core/Src/comunicaciones.o
 .debug_macro   0x0000000000018d9e       0x6d ./Core/Src/comunicaciones.o
 .debug_macro   0x0000000000018e0b     0x3666 ./Core/Src/comunicaciones.o
 .debug_macro   0x000000000001c471      0x174 ./Core/Src/comunicaciones.o
 .debug_macro   0x000000000001c5e5       0x5c ./Core/Src/comunicaciones.o
 .debug_macro   0x000000000001c641      0xc90 ./Core/Src/comunicaciones.o
 .debug_macro   0x000000000001d2d1      0x9fe ./Core/Src/comunicaciones.o
 .debug_macro   0x000000000001dccf      0x116 ./Core/Src/comunicaciones.o
 .debug_macro   0x000000000001dde5      0x1a0 ./Core/Src/comunicaciones.o
 .debug_macro   0x000000000001df85       0xa5 ./Core/Src/comunicaciones.o
 .debug_macro   0x000000000001e02a      0x16d ./Core/Src/comunicaciones.o
 .debug_macro   0x000000000001e197      0x287 ./Core/Src/comunicaciones.o
 .debug_macro   0x000000000001e41e       0x5f ./Core/Src/comunicaciones.o
 .debug_macro   0x000000000001e47d      0x236 ./Core/Src/comunicaciones.o
 .debug_macro   0x000000000001e6b3      0x122 ./Core/Src/comunicaciones.o
 .debug_macro   0x000000000001e7d5       0xa6 ./Core/Src/comunicaciones.o
 .debug_macro   0x000000000001e87b      0x132 ./Core/Src/comunicaciones.o
 .debug_macro   0x000000000001e9ad      0x29c ./Core/Src/comunicaciones.o
 .debug_macro   0x000000000001ec49       0x2e ./Core/Src/comunicaciones.o
 .debug_macro   0x000000000001ec77      0x11a ./Core/Src/comunicaciones.o
 .debug_macro   0x000000000001ed91       0xe8 ./Core/Src/comunicaciones.o
 .debug_macro   0x000000000001ee79       0x89 ./Core/Src/comunicaciones.o
 .debug_macro   0x000000000001ef02      0x8d1 ./Core/Src/comunicaciones.o
 .debug_macro   0x000000000001f7d3       0x4d ./Core/Src/comunicaciones.o
 .debug_macro   0x000000000001f820      0x295 ./Core/Src/comunicaciones.o
 .debug_macro   0x000000000001fab5      0x126 ./Core/Src/comunicaciones.o
 .debug_macro   0x000000000001fbdb       0xc4 ./Core/Src/comunicaciones.o
 .debug_macro   0x000000000001fc9f      0x1fc ./Core/Src/comunicaciones.o
 .debug_macro   0x000000000001fe9b      0x21c ./Core/Src/hardware.o
 .debug_macro   0x00000000000200b7      0x204 ./Core/Src/main.o
 .debug_macro   0x00000000000202bb      0x21c ./Core/Src/motores.o
 .debug_macro   0x00000000000204d7      0x200 ./Core/Src/navegacion.o
 .debug_macro   0x00000000000206d7      0x20e ./Core/Src/sensores.o
 .debug_macro   0x00000000000208e5      0x204 ./Core/Src/sonido.o
 .debug_macro   0x0000000000020ae9      0x1f1 ./Core/Src/stm32f4xx_hal_msp.o
 .debug_macro   0x0000000000020cda      0x1fb ./Core/Src/stm32f4xx_it.o
 .debug_macro   0x0000000000020ed5      0x1e2 ./Core/Src/system_stm32f4xx.o
 .debug_macro   0x00000000000210b7      0x242 ./Drivers/STM32F4xx_HAL_Driver/Src/stm32f4xx_hal.o
 .debug_macro   0x00000000000212f9      0x1e2 ./Drivers/STM32F4xx_HAL_Driver/Src/stm32f4xx_hal_cortex.o
 .debug_macro   0x00000000000214db      0x1e3 ./Drivers/STM32F4xx_HAL_Driver/Src/stm32f4xx_hal_dac.o
 .debug_macro   0x00000000000216be      0x1e8 ./Drivers/STM32F4xx_HAL_Driver/Src/stm32f4xx_hal_dma.o
 .debug_macro   0x00000000000218a6      0x1e8 ./Drivers/STM32F4xx_HAL_Driver/Src/stm32f4xx_hal_gpio.o
 .debug_macro   0x0000000000021a8e      0x206 ./Drivers/STM32F4xx_HAL_Driver/Src/stm32f4xx_hal_rcc.o
 .debug_macro   0x0000000000021c94      0x1e2 ./Drivers/STM32F4xx_HAL_Driver/Src/stm32f4xx_hal_rcc_ex.o
 .debug_macro   0x0000000000021e76      0x1e3 ./Drivers/STM32F4xx_HAL_Driver/Src/stm32f4xx_hal_tim.o
 .debug_macro   0x0000000000022059      0x1e2 ./Drivers/STM32F4xx_HAL_Driver/Src/stm32f4xx_hal_tim_ex.o
 .debug_macro   0x000000000002223b      0x1e3 ./Drivers/STM32F4xx_HAL_Driver/Src/stm32f4xx_hal_uart.o

.debug_line     0x0000000000000000    0x138b4
 .debug_line    0x0000000000000000      0x93c ./Core/Src/comunicaciones.o
 .debug_line    0x000000000000093c      0x822 ./Core/Src/hardware.o
 .debug_line    0x000000000000115e      0xc56 ./Core/Src/main.o
 .debug_line    0x0000000000001db4      0x983 ./Core/Src/motores.o
 .debug_line    0x0000000000002737      0x9fe ./Core/Src/navegacion.o
 .debug_line    0x0000000000003135      0xcb6 ./Core/Src/sensores.o
 .debug_line    0x0000000000003deb      0x81e ./Core/Src/sonido.o
 .debug_line    0x0000000000004609      0x9bd ./Core/Src/stm32f4xx_hal_msp.o
 .debug_line    0x0000000000004fc6      0x862 ./Core/Src/stm32f4xx_it.o
 .debug_line    0x0000000000005828      0x779 ./Core/Src/system_stm32f4xx.o
 .debug_line    0x0000000000005fa1       0x88 ./Core/Startup/startup_stm32f446retx.o
 .debug_line    0x0000000000006029      0x9df ./Drivers/STM32F4xx_HAL_Driver/Src/stm32f4xx_hal.o
 .debug_line    0x0000000000006a08      0xc8e ./Drivers/STM32F4xx_HAL_Driver/Src/stm32f4xx_hal_cortex.o
 .debug_line    0x0000000000007696      0xb30 ./Drivers/STM32F4xx_HAL_Driver/Src/stm32f4xx_hal_dac.o
 .debug_line    0x00000000000081c6      0xf44 ./Drivers/STM32F4xx_HAL_Driver/Src/stm32f4xx_hal_dma.o
 .debug_line    0x000000000000910a      0xb41 ./Drivers/STM32F4xx_HAL_Driver/Src/stm32f4xx_hal_gpio.o
 .debug_line    0x0000000000009c4b      0xd67 ./Drivers/STM32F4xx_HAL_Driver/Src/stm32f4xx_hal_rcc.o
 .debug_line    0x000000000000a9b2     0x13ed ./Drivers/STM32F4xx_HAL_Driver/Src/stm32f4xx_hal_rcc_ex.o
 .debug_line    0x000000000000bd9f     0x36d3 ./Drivers/STM32F4xx_HAL_Driver/Src/stm32f4xx_hal_tim.o
 .debug_line    0x000000000000f472     0x19dc ./Drivers/STM32F4xx_HAL_Driver/Src/stm32f4xx_hal_tim_ex.o
 .debug_line    0x0000000000010e4e     0x2a66 ./Drivers/STM32F4xx_HAL_Driver/Src/stm32f4xx_hal_uart.o

.debug_str      0x0000000000000000    0xcf16f
 .debug_str     0x0000000000000000    0xcaf26 ./Core/Src/comunicaciones.o
                                      0xcb242 (size before relaxing)
 .debug_str     0x00000000000caf26       0xa9 ./Core/Src/hardware.o
                                      0xcadf0 (size before relaxing)
 .debug_str     0x00000000000cafcf      0xdd2 ./Core/Src/main.o
                                      0xcc01e (size before relaxing)
 .debug_str     0x00000000000cbda1      0x157 ./Core/Src/motores.o
                                      0xcb1fd (size before relaxing)
 .debug_str     0x00000000000cbef8       0x44 ./Core/Src/navegacion.o
                                      0xcad44 (size before relaxing)
 .debug_str     0x00000000000cbf3c      0x216 ./Core/Src/sensores.o
                                      0xcb484 (size before relaxing)
 .debug_str     0x00000000000cc152       0x64 ./Core/Src/sonido.o
                                      0xcad74 (size before relaxing)
 .debug_str     0x00000000000cc1b6       0xec ./Core/Src/stm32f4xx_hal_msp.o
                                      0xcb678 (size before relaxing)
 .debug_str     0x00000000000cc2a2      0x144 ./Core/Src/stm32f4xx_it.o
                                      0xcaef4 (size before relaxing)
 .debug_str     0x00000000000cc3e6       0xaf ./Core/Src/system_stm32f4xx.o
                                      0xca531 (size before relaxing)
 .debug_str     0x00000000000cc495       0x36 ./Core/Startup/startup_stm32f446retx.o
                                         0x73 (size before relaxing)
 .debug_str     0x00000000000cc4cb      0x581 ./Drivers/STM32F4xx_HAL_Driver/Src/stm32f4xx_hal.o
                                      0xcb054 (size before relaxing)
 .debug_str     0x00000000000cca4c      0x399 ./Drivers/STM32F4xx_HAL_Driver/Src/stm32f4xx_hal_cortex.o
                                      0xcae1e (size before relaxing)
 .debug_str     0x00000000000ccde5      0x1ca ./Drivers/STM32F4xx_HAL_Driver/Src/stm32f4xx_hal_dac.o
                                      0xca942 (size before relaxing)
 .debug_str     0x00000000000ccfaf      0x323 ./Drivers/STM32F4xx_HAL_Driver/Src/stm32f4xx_hal_dma.o
                                      0xca936 (size before relaxing)
 .debug_str     0x00000000000cd2d2      0x15a ./Drivers/STM32F4xx_HAL_Driver/Src/stm32f4xx_hal_gpio.o
                                      0xca6d8 (size before relaxing)
 .debug_str     0x00000000000cd42c      0x259 ./Drivers/STM32F4xx_HAL_Driver/Src/stm32f4xx_hal_rcc.o
                                      0xca938 (size before relaxing)
 .debug_str     0x00000000000cd685      0x312 ./Drivers/STM32F4xx_HAL_Driver/Src/stm32f4xx_hal_rcc_ex.o
                                      0xca995 (size before relaxing)
 .debug_str     0x00000000000cd997      0xd16 ./Drivers/STM32F4xx_HAL_Driver/Src/stm32f4xx_hal_tim.o
                                      0xcb83b (size before relaxing)
 .debug_str     0x00000000000ce6ad      0x4ee ./Drivers/STM32F4xx_HAL_Driver/Src/stm32f4xx_hal_tim_ex.o
                                      0xcafec (size before relaxing)
 .debug_str     0x00000000000ceb9b      0x5d4 ./Drivers/STM32F4xx_HAL_Driver/Src/stm32f4xx_hal_uart.o
                                      0xcae94 (size before relaxing)

.comment        0x0000000000000000       0x53
 .comment       0x0000000000000000       0x53 ./Core/Src/comunicaciones.o
                                         0x54 (size before relaxing)
 .comment       0x0000000000000053       0x54 ./Core/Src/hardware.o
 .comment       0x0000000000000053       0x54 ./Core/Src/main.o
 .comment       0x0000000000000053       0x54 ./Core/Src/motores.o
 .comment       0x0000000000000053       0x54 ./Core/Src/navegacion.o
 .comment       0x0000000000000053       0x54 ./Core/Src/sensores.o
 .comment       0x0000000000000053       0x54 ./Core/Src/sonido.o
 .comment       0x0000000000000053       0x54 ./Core/Src/stm32f4xx_hal_msp.o
 .comment       0x0000000000000053       0x54 ./Core/Src/stm32f4xx_it.o
 .comment       0x0000000000000053       0x54 ./Core/Src/system_stm32f4xx.o
 .comment       0x0000000000000053       0x54 ./Drivers/STM32F4xx_HAL_Driver/Src/stm32f4xx_hal.o
 .comment       0x0000000000000053       0x54 ./Drivers/STM32F4xx_HAL_Driver/Src/stm32f4xx_hal_cortex.o
 .comment       0x0000000000000053       0x54 ./Drivers/STM32F4xx_HAL_Driver/Src/stm32f4xx_hal_dac.o
 .comment       0x0000000000000053       0x54 ./Drivers/STM32F4xx_HAL_Driver/Src/stm32f4xx_hal_dma.o
 .comment       0x0000000000000053       0x54 ./Drivers/STM32F4xx_HAL_Driver/Src/stm32f4xx_hal_gpio.o
 .comment       0x0000000000000053       0x54 ./Drivers/STM32F4xx_HAL_Driver/Src/stm32f4xx_hal_rcc.o
 .comment       0x0000000000000053       0x54 ./Drivers/STM32F4xx_HAL_Driver/Src/stm32f4xx_hal_rcc_ex.o
 .comment       0x0000000000000053       0x54 ./Drivers/STM32F4xx_HAL_Driver/Src/stm32f4xx_hal_tim.o
 .comment       0x0000000000000053       0x54 ./Drivers/STM32F4xx_HAL_Driver/Src/stm32f4xx_hal_tim_ex.o
 .comment       0x0000000000000053       0x54 ./Drivers/STM32F4xx_HAL_Driver/Src/stm32f4xx_hal_uart.o

.debug_frame    0x0000000000000000     0x4150
 .debug_frame   0x0000000000000000      0x140 ./Core/Src/comunicaciones.o
 .debug_frame   0x0000000000000140       0x8c ./Core/Src/hardware.o
 .debug_frame   0x00000000000001cc      0x248 ./Core/Src/main.o
 .debug_frame   0x0000000000000414       0xcc ./Core/Src/motores.o
 .debug_frame   0x00000000000004e0       0x64 ./Core/Src/navegacion.o
 .debug_frame   0x0000000000000544      0x1bc ./Core/Src/sensores.o
 .debug_frame   0x0000000000000700       0xe4 ./Core/Src/sonido.o
 .debug_frame   0x00000000000007e4      0x17c ./Core/Src/stm32f4xx_hal_msp.o
 .debug_frame   0x0000000000000960      0x1c8 ./Core/Src/stm32f4xx_it.o
 .debug_frame   0x0000000000000b28       0x58 ./Core/Src/system_stm32f4xx.o
 .debug_frame   0x0000000000000b80      0x374 ./Drivers/STM32F4xx_HAL_Driver/Src/stm32f4xx_hal.o
 .debug_frame   0x0000000000000ef4      0x498 ./Drivers/STM32F4xx_HAL_Driver/Src/stm32f4xx_hal_cortex.o
 .debug_frame   0x000000000000138c      0x338 ./Drivers/STM32F4xx_HAL_Driver/Src/stm32f4xx_hal_dac.o
 .debug_frame   0x00000000000016c4      0x250 ./Drivers/STM32F4xx_HAL_Driver/Src/stm32f4xx_hal_dma.o
 .debug_frame   0x0000000000001914      0x14c ./Drivers/STM32F4xx_HAL_Driver/Src/stm32f4xx_hal_gpio.o
 .debug_frame   0x0000000000001a60      0x1f0 ./Drivers/STM32F4xx_HAL_Driver/Src/stm32f4xx_hal_rcc.o
 .debug_frame   0x0000000000001c50      0x1e8 ./Drivers/STM32F4xx_HAL_Driver/Src/stm32f4xx_hal_rcc_ex.o
 .debug_frame   0x0000000000001e38     0x11c4 ./Drivers/STM32F4xx_HAL_Driver/Src/stm32f4xx_hal_tim.o
 .debug_frame   0x0000000000002ffc      0x638 ./Drivers/STM32F4xx_HAL_Driver/Src/stm32f4xx_hal_tim_ex.o
 .debug_frame   0x0000000000003634      0x92c ./Drivers/STM32F4xx_HAL_Driver/Src/stm32f4xx_hal_uart.o
 .debug_frame   0x0000000000003f60       0x2c c:/st/stm32cubeide_1.7.0/stm32cubeide/plugins/com.st.stm32cube.ide.mcu.externaltools.gnu-tools-for-stm32.9-2020-q2-update.win32_2.0.0.202105311346/tools/bin/../lib/gcc/arm-none-eabi/9.3.1/../../../../arm-none-eabi/lib/thumb/v7e-m+fp/hard\libc_nano.a(lib_a-init.o)
 .debug_frame   0x0000000000003f8c       0x20 c:/st/stm32cubeide_1.7.0/stm32cubeide/plugins/com.st.stm32cube.ide.mcu.externaltools.gnu-tools-for-stm32.9-2020-q2-update.win32_2.0.0.202105311346/tools/bin/../lib/gcc/arm-none-eabi/9.3.1/../../../../arm-none-eabi/lib/thumb/v7e-m+fp/hard\libc_nano.a(lib_a-memset.o)
 .debug_frame   0x0000000000003fac       0xac c:/st/stm32cubeide_1.7.0/stm32cubeide/plugins/com.st.stm32cube.ide.mcu.externaltools.gnu-tools-for-stm32.9-2020-q2-update.win32_2.0.0.202105311346/tools/bin/../lib/gcc/arm-none-eabi/9.3.1/thumb/v7e-m+fp/hard\libgcc.a(_arm_addsubdf3.o)
 .debug_frame   0x0000000000004058       0x50 c:/st/stm32cubeide_1.7.0/stm32cubeide/plugins/com.st.stm32cube.ide.mcu.externaltools.gnu-tools-for-stm32.9-2020-q2-update.win32_2.0.0.202105311346/tools/bin/../lib/gcc/arm-none-eabi/9.3.1/thumb/v7e-m+fp/hard\libgcc.a(_arm_muldivdf3.o)
 .debug_frame   0x00000000000040a8       0x24 c:/st/stm32cubeide_1.7.0/stm32cubeide/plugins/com.st.stm32cube.ide.mcu.externaltools.gnu-tools-for-stm32.9-2020-q2-update.win32_2.0.0.202105311346/tools/bin/../lib/gcc/arm-none-eabi/9.3.1/thumb/v7e-m+fp/hard\libgcc.a(_arm_fixdfsi.o)
 .debug_frame   0x00000000000040cc       0x24 c:/st/stm32cubeide_1.7.0/stm32cubeide/plugins/com.st.stm32cube.ide.mcu.externaltools.gnu-tools-for-stm32.9-2020-q2-update.win32_2.0.0.202105311346/tools/bin/../lib/gcc/arm-none-eabi/9.3.1/thumb/v7e-m+fp/hard\libgcc.a(_arm_truncdfsf2.o)
 .debug_frame   0x00000000000040f0       0x2c c:/st/stm32cubeide_1.7.0/stm32cubeide/plugins/com.st.stm32cube.ide.mcu.externaltools.gnu-tools-for-stm32.9-2020-q2-update.win32_2.0.0.202105311346/tools/bin/../lib/gcc/arm-none-eabi/9.3.1/thumb/v7e-m+fp/hard\libgcc.a(_aeabi_uldivmod.o)
 .debug_frame   0x000000000000411c       0x34 c:/st/stm32cubeide_1.7.0/stm32cubeide/plugins/com.st.stm32cube.ide.mcu.externaltools.gnu-tools-for-stm32.9-2020-q2-update.win32_2.0.0.202105311346/tools/bin/../lib/gcc/arm-none-eabi/9.3.1/thumb/v7e-m+fp/hard\libgcc.a(_udivmoddi4.o)
