main.c:167:5:main	8	static
main.c:285:6:SystemClock_Config	88	static
main.c:331:13:MX_DAC_Init	16	static
main.c:375:13:MX_TIM2_Init	48	static
main.c:437:13:MX_TIM3_Init	64	static
main.c:496:13:MX_TIM4_Init	48	static
main.c:562:13:MX_TIM8_Init	32	static
main.c:615:13:MX_TIM12_Init	56	static
main.c:667:13:MX_USART1_UART_Init	8	static
main.c:700:13:MX_USART2_UART_Init	8	static
main.c:733:13:MX_USART3_UART_Init	8	static
main.c:764:13:MX_DMA_Init	16	static
main.c:786:13:MX_GPIO_Init	40	static
main.c:840:6:HAL_IncTick	16	static
main.c:915:6:InicializaVariables	16	static
main.c:936:6:GestorTareas	8	static
main.c:959:6:Error_Handler	4	static,ignoring_inline_asm
